Component: Arm Compiler for Embedded 6.21 Tool: armlink [5ec1fa00]

==============================================================================

Section Cross References

    startup_stm32f103xb.o(STACK) refers (Special) to heapauxi.o(.text) for __use_two_region_memory
    startup_stm32f103xb.o(HEAP) refers (Special) to heapauxi.o(.text) for __use_two_region_memory
    startup_stm32f103xb.o(RESET) refers (Special) to heapauxi.o(.text) for __use_two_region_memory
    startup_stm32f103xb.o(RESET) refers to startup_stm32f103xb.o(STACK) for __initial_sp
    startup_stm32f103xb.o(RESET) refers to startup_stm32f103xb.o(.text) for Reset_Handler
    startup_stm32f103xb.o(RESET) refers to stm32f1xx_it.o(.text.NMI_Handler) for NMI_Handler
    startup_stm32f103xb.o(RESET) refers to stm32f1xx_it.o(.text.HardFault_Handler) for HardFault_Handler
    startup_stm32f103xb.o(RESET) refers to stm32f1xx_it.o(.text.MemManage_Handler) for MemManage_Handler
    startup_stm32f103xb.o(RESET) refers to stm32f1xx_it.o(.text.BusFault_Handler) for BusFault_Handler
    startup_stm32f103xb.o(RESET) refers to stm32f1xx_it.o(.text.UsageFault_Handler) for UsageFault_Handler
    startup_stm32f103xb.o(RESET) refers to stm32f1xx_it.o(.text.SVC_Handler) for SVC_Handler
    startup_stm32f103xb.o(RESET) refers to stm32f1xx_it.o(.text.DebugMon_Handler) for DebugMon_Handler
    startup_stm32f103xb.o(RESET) refers to stm32f1xx_it.o(.text.PendSV_Handler) for PendSV_Handler
    startup_stm32f103xb.o(RESET) refers to stm32f1xx_it.o(.text.SysTick_Handler) for SysTick_Handler
    startup_stm32f103xb.o(RESET) refers to stm32f1xx_it.o(.text.TIM1_BRK_IRQHandler) for TIM1_BRK_IRQHandler
    startup_stm32f103xb.o(RESET) refers to stm32f1xx_it.o(.text.TIM1_UP_IRQHandler) for TIM1_UP_IRQHandler
    startup_stm32f103xb.o(RESET) refers to stm32f1xx_it.o(.text.TIM1_TRG_COM_IRQHandler) for TIM1_TRG_COM_IRQHandler
    startup_stm32f103xb.o(RESET) refers to stm32f1xx_it.o(.text.TIM1_CC_IRQHandler) for TIM1_CC_IRQHandler
    startup_stm32f103xb.o(RESET) refers to stm32f1xx_it.o(.text.TIM2_IRQHandler) for TIM2_IRQHandler
    startup_stm32f103xb.o(RESET) refers to stm32f1xx_it.o(.text.TIM3_IRQHandler) for TIM3_IRQHandler
    startup_stm32f103xb.o(RESET) refers to stm32f1xx_it.o(.text.USART1_IRQHandler) for USART1_IRQHandler
    startup_stm32f103xb.o(.text) refers (Special) to heapauxi.o(.text) for __use_two_region_memory
    startup_stm32f103xb.o(.text) refers to system_stm32f1xx.o(.text.SystemInit) for SystemInit
    startup_stm32f103xb.o(.text) refers to __main.o(!!!main) for __main
    startup_stm32f103xb.o(.text) refers to startup_stm32f103xb.o(HEAP) for Heap_Mem
    startup_stm32f103xb.o(.text) refers to startup_stm32f103xb.o(STACK) for Stack_Mem
    main.o(.text.Set_ESC_Throttle) refers to main.o(.bss.esc_2) for esc_2
    main.o(.text.Set_ESC_Throttle) refers to main.o(.bss.esc_1) for esc_1
    main.o(.text.Set_ESC_Throttle) refers to main.o(.bss.esc_4) for esc_4
    main.o(.text.Set_ESC_Throttle) refers to main.o(.bss.esc_3) for esc_3
    main.o(.ARM.exidx.text.Set_ESC_Throttle) refers to main.o(.text.Set_ESC_Throttle) for [Anonymous Symbol]
    main.o(.ARM.exidx.text.DWT_Init) refers to main.o(.text.DWT_Init) for [Anonymous Symbol]
    main.o(.text.delay_us) refers to system_stm32f1xx.o(.data.SystemCoreClock) for SystemCoreClock
    main.o(.ARM.exidx.text.delay_us) refers to main.o(.text.delay_us) for [Anonymous Symbol]
    main.o(.text.micros) refers to system_stm32f1xx.o(.data.SystemCoreClock) for SystemCoreClock
    main.o(.ARM.exidx.text.micros) refers to main.o(.text.micros) for [Anonymous Symbol]
    main.o(.text.main) refers to stm32f1xx_hal.o(.text.HAL_Init) for HAL_Init
    main.o(.text.main) refers to rt_memclr_w.o(.text) for __aeabi_memclr4
    main.o(.text.main) refers to stm32f1xx_hal_rcc.o(.text.HAL_RCC_OscConfig) for HAL_RCC_OscConfig
    main.o(.text.main) refers to stm32f1xx_hal_rcc.o(.text.HAL_RCC_ClockConfig) for HAL_RCC_ClockConfig
    main.o(.text.main) refers to stm32f1xx_hal_gpio.o(.text.HAL_GPIO_WritePin) for HAL_GPIO_WritePin
    main.o(.text.main) refers to stm32f1xx_hal_gpio.o(.text.HAL_GPIO_Init) for HAL_GPIO_Init
    main.o(.text.main) refers to main.o(.bss.hi2c1) for hi2c1
    main.o(.text.main) refers to stm32f1xx_hal_i2c.o(.text.HAL_I2C_Init) for HAL_I2C_Init
    main.o(.text.main) refers to main.o(.bss.htim1) for htim1
    main.o(.text.main) refers to stm32f1xx_hal_tim.o(.text.HAL_TIM_Base_Init) for HAL_TIM_Base_Init
    main.o(.text.main) refers to stm32f1xx_hal_tim.o(.text.HAL_TIM_ConfigClockSource) for HAL_TIM_ConfigClockSource
    main.o(.text.main) refers to stm32f1xx_hal_tim.o(.text.HAL_TIM_PWM_Init) for HAL_TIM_PWM_Init
    main.o(.text.main) refers to stm32f1xx_hal_tim_ex.o(.text.HAL_TIMEx_MasterConfigSynchronization) for HAL_TIMEx_MasterConfigSynchronization
    main.o(.text.main) refers to stm32f1xx_hal_tim.o(.text.HAL_TIM_PWM_ConfigChannel) for HAL_TIM_PWM_ConfigChannel
[...]
    i.__kernel_cos                           0x080055d4   Section        0  cos_i.o(i.__kernel_cos)
    i.__kernel_poly                          0x080056d0   Section        0  poly.o(i.__kernel_poly)
    i.__kernel_sin                           0x0800577c   Section        0  sin_i.o(i.__kernel_sin)
    i.__mathlib_dbl_infnan                   0x08005868   Section        0  dunder.o(i.__mathlib_dbl_infnan)
    i.__mathlib_dbl_invalid                  0x0800586e   Section        0  dunder.o(i.__mathlib_dbl_invalid)
    i.__mathlib_dbl_underflow                0x0800587c   Section        0  dunder.o(i.__mathlib_dbl_underflow)
    i.asin                                   0x0800588c   Section        0  asin.o(i.asin)
    i.sin                                    0x08005afc   Section        0  sin.o(i.sin)
    i.sqrt                                   0x08005b9c   Section        0  sqrt.o(i.sqrt)
    x$fpl$d2f                                0x08005be8   Section       98  d2f.o(x$fpl$d2f)
    x$fpl$dadd                               0x08005c4c   Section      336  daddsub_clz.o(x$fpl$dadd)
    _dadd1                                   0x08005c5d   Thumb Code     0  daddsub_clz.o(x$fpl$dadd)
    x$fpl$dcheck1                            0x08005d9c   Section       16  dcheck1.o(x$fpl$dcheck1)
    x$fpl$dcmpinf                            0x08005dac   Section       24  dcmpi.o(x$fpl$dcmpinf)
    x$fpl$ddiv                               0x08005dc4   Section      692  ddiv.o(x$fpl$ddiv)
    ddiv_entry                               0x08005dcb   Thumb Code     0  ddiv.o(x$fpl$ddiv)
    x$fpl$deqf                               0x08006078   Section      120  deqf.o(x$fpl$deqf)
    x$fpl$dfix                               0x080060f0   Section       94  dfix.o(x$fpl$dfix)
    x$fpl$dflt                               0x0800614e   Section       46  dflt_clz.o(x$fpl$dflt)
    x$fpl$dfltu                              0x0800617c   Section       38  dflt_clz.o(x$fpl$dfltu)
    x$fpl$dgeqf                              0x080061a4   Section      120  dgeqf.o(x$fpl$dgeqf)
    x$fpl$dleqf                              0x0800621c   Section      120  dleqf.o(x$fpl$dleqf)
    x$fpl$dmul                               0x08006294   Section      340  dmul.o(x$fpl$dmul)
    x$fpl$dnaninf                            0x080063e8   Section      156  dnaninf.o(x$fpl$dnaninf)
    x$fpl$dretinf                            0x08006484   Section       12  dretinf.o(x$fpl$dretinf)
    x$fpl$drsb                               0x08006490   Section       22  daddsub_clz.o(x$fpl$drsb)
    x$fpl$dsqrt                              0x080064a8   Section      460  dsqrt_noumaal.o(x$fpl$dsqrt)
    x$fpl$dsub                               0x08006674   Section      476  daddsub_clz.o(x$fpl$dsub)
    _dsub1                                   0x08006685   Thumb Code     0  daddsub_clz.o(x$fpl$dsub)
    x$fpl$f2d                                0x08006850   Section       86  f2d.o(x$fpl$f2d)
    x$fpl$fadd                               0x080068a8   Section      196  faddsub_clz.o(x$fpl$fadd)
    _fadd1                                   0x080068b7   Thumb Code     0  faddsub_clz.o(x$fpl$fadd)
    x$fpl$fcmp                               0x0800696c   Section       84  dcmp.o(x$fpl$fcmp)
    x$fpl$fcmp                               0x080069c0   Section       84  fcmp.o(x$fpl$fcmp)
    x$fpl$fcmpinf                            0x08006a14   Section       24  fcmpi.o(x$fpl$fcmpinf)
    _fdiv1                                   0x08006a2d   Thumb Code     0  fdiv.o(x$fpl$fdiv)
    x$fpl$fdiv                               0x08006a2c   Section      388  fdiv.o(x$fpl$fdiv)
    x$fpl$feqf                               0x08006bb0   Section      104  feqf.o(x$fpl$feqf)
    x$fpl$ffix                               0x08006c18   Section       54  ffix.o(x$fpl$ffix)
    x$fpl$fflt                               0x08006c50   Section       48  fflt_clz.o(x$fpl$fflt)
    x$fpl$fgeqf                              0x08006c80   Section      104  fgeqf.o(x$fpl$fgeqf)
    x$fpl$fleqf                              0x08006ce8   Section      104  fleqf.o(x$fpl$fleqf)
    x$fpl$fmul                               0x08006d50   Section      258  fmul.o(x$fpl$fmul)
    x$fpl$fnaninf                            0x08006e52   Section      140  fnaninf.o(x$fpl$fnaninf)
    x$fpl$fretinf                            0x08006ede   Section       10  fretinf.o(x$fpl$fretinf)
    x$fpl$fsub                               0x08006ee8   Section      234  faddsub_clz.o(x$fpl$fsub)
    _fsub1                                   0x08006ef7   Thumb Code     0  faddsub_clz.o(x$fpl$fsub)
    x$fpl$retnan                             0x08006fd2   Section      100  retnan.o(x$fpl$retnan)
    x$fpl$scalbn                             0x08007036   Section       92  scalbn.o(x$fpl$scalbn)
    x$fpl$trapveneer                         0x08007092   Section       48  trapv.o(x$fpl$trapveneer)
    x$fpl$usenofp                            0x080070c2   Section        0  usenofp.o(x$fpl$usenofp)
    pS                                       0x080070c8   Data          48  asin.o(.constdata)
    .constdata                               0x080070c8   Section       80  asin.o(.constdata)
    qS                                       0x080070f8   Data          32  asin.o(.constdata)
    C                                        0x08007118   Data          48  cos_i.o(.constdata)
    .constdata                               0x08007118   Section       48  cos_i.o(.constdata)
    pio2s                                    0x08007148   Data          48  rred.o(.constdata)
    .constdata                               0x08007148   Section      204  rred.o(.constdata)
    twooverpi                                0x08007178   Data         156  rred.o(.constdata)
    S                                        0x08007218   Data          40  sin_i.o(.constdata)
    .constdata                               0x08007218   Section       40  sin_i.o(.constdata)
    HAL_RCC_GetSysClockFreq.aPredivFactorTable 0x08007258   Data           2  stm32f1xx_hal_rcc.o(.rodata.HAL_RCC_GetSysClockFreq.aPredivFactorTable)
    [Anonymous Symbol]                       0x08007258   Section        0  stm32f1xx_hal_rcc.o(.rodata.HAL_RCC_GetSysClockFreq.aPredivFactorTable)
    HAL_RCC_GetSysClockFreq.aPLLMULFactorTable 0x0800725a   Data          16  stm32f1xx_hal_rcc.o(.rodata.cst16)
    [Anonymous Symbol]                       0x0800725a   Section        0  stm32f1xx_hal_rcc.o(.rodata.cst16)
    .Lswitch.table.HAL_TIM_IC_Start_IT       0x0800726c   Data          16  stm32f1xx_hal_tim.o(.rodata.cst16)
    .Lswitch.table.HAL_TIM_IC_Stop_IT        0x0800727c   Data          16  stm32f1xx_hal_tim.o(.rodata.cst16)
    .bss                                     0x20000050   Section       96  libspace.o(.bss)
    Heap_Mem                                 0x200003d8   Data         512  startup_stm32f103xb.o(HEAP)
    HEAP                                     0x200003d8   Section      512  startup_stm32f103xb.o(HEAP)
    Stack_Mem                                0x200005d8   Data        1024  startup_stm32f103xb.o(STACK)
    STACK                                    0x200005d8   Section     1024  startup_stm32f103xb.o(STACK)
    __initial_sp                             0x200009d8   Data           0  startup_stm32f103xb.o(STACK)

    Global Symbols

    Symbol Name                              Value     Ov Type        Size  Object(Section)

    BuildAttributes$$THM_ISAv4$P$D$K$B$S$PE$A:L22UL41UL21$X:L11$S22US41US21$IEEE1$IW$~IW$USESV6$~STKCKD$USESV7$~SHL$OTIME$ROPI$IEEEX$EBA8$UX$STANDARDLIB$REQ8$PRES8$EABIv2 0x00000000   Number         0  anon$$obj.o ABSOLUTE
    __fp_init_empty                          0x00000000   Number         0  fpinit_empty.o ABSOLUTE
    __ARM_exceptions_init                     - Undefined Weak Reference
    __alloca_initialize                       - Undefined Weak Reference
    __arm_preinit_                            - Undefined Weak Reference
    __arm_relocate_pie_                       - Undefined Weak Reference
    __cpp_initialize__aeabi_                  - Undefined Weak Reference
    __cxa_finalize                            - Undefined Weak Reference
    __rt_locale                               - Undefined Weak Reference
    __sigvec_lookup                           - Undefined Weak Reference
    _atexit_init                              - Undefined Weak Reference
    _call_atexit_fns                          - Undefined Weak Reference
    _clock_init                               - Undefined Weak Reference
    _fp_trap_init                             - Undefined Weak Reference
    _fp_trap_shutdown                         - Undefined Weak Reference
    _get_lc_collate                           - Undefined Weak Reference
    _get_lc_ctype                             - Undefined Weak Reference
    _get_lc_monetary                          - Undefined Weak Reference
    _get_lc_numeric                           - Undefined Weak Reference
    _get_lc_time                              - Undefined Weak Reference
    _getenv_init                              - Undefined Weak Reference
    _handle_redirection                       - Undefined Weak Reference
    _init_alloc                               - Undefined Weak Reference
    _init_user_alloc                          - Undefined Weak Reference
    _initio                                   - Undefined Weak Reference
    _rand_init                                - Undefined Weak Reference
    _signal_finish                            - Undefined Weak Reference
    _signal_init                              - Undefined Weak Reference
    _terminate_alloc                          - Undefined Weak Reference
    _terminate_user_alloc                     - Undefined Weak Reference
    _terminateio                              - Undefined Weak Reference
    __Vectors_Size                           0x000000ec   Number         0  startup_stm32f103xb.o ABSOLUTE
    __Vectors                                0x08000000   Data           4  startup_stm32f103xb.o(RESET)
    __Vectors_End                            0x080000ec   Data           0  startup_stm32f103xb.o(RESET)
    __main                                   0x080000ed   Thumb Code     8  __main.o(!!!main)
    __scatterload                            0x080000f5   Thumb Code     0  __scatter.o(!!!scatter)
    __scatterload_rt2                        0x080000f5   Thumb Code    84  __scatter.o(!!!scatter)
    __scatterload_rt2_thumb_only             0x080000f5   Thumb Code     0  __scatter.o(!!!scatter)
    __scatterload_loop                       0x080000ff   Thumb Code     0  __scatter.o(!!!scatter)
    __scatterload_copy                       0x08000151   Thumb Code    26  __scatter_copy.o(!!handler_copy)
    __scatterload_null                       0x0800016d   Thumb Code     2  __scatter.o(!!handler_null)
    __scatterload_zeroinit                   0x08000171   Thumb Code    28  __scatter_zi.o(!!handler_zi)
    __rt_lib_init                            0x0800018d   Thumb Code     0  libinit.o(.ARM.Collect$$libinit$$00000000)
    __rt_lib_init_alloca_1                   0x0800018f   Thumb Code     0  libinit2.o(.ARM.Collect$$libinit$$00000030)
    __rt_lib_init_argv_1                     0x0800018f   Thumb Code     0  libinit2.o(.ARM.Collect$$libinit$$0000002E)
    __rt_lib_init_atexit_1                   0x0800018f   Thumb Code     0  libinit2.o(.ARM.Collect$$libinit$$0000001D)
    __rt_lib_init_clock_1                    0x0800018f   Thumb Code     0  libinit2.o(.ARM.Collect$$libinit$$00000023)
    __rt_lib_init_cpp_1                      0x0800018f   Thumb Code     0  libinit2.o(.ARM.Collect$$libinit$$00000034)
    __rt_lib_init_exceptions_1               0x0800018f   Thumb Code     0  libinit2.o(.ARM.Collect$$libinit$$00000032)
    __rt_lib_init_fp_1                       0x0800018f   Thumb Code     0  libinit2.o(.ARM.Collect$$libinit$$00000002)
    __rt_lib_init_fp_trap_1                  0x0800018f   Thumb Code     0  libinit2.o(.ARM.Collect$$libinit$$00000021)
    __rt_lib_init_getenv_1                   0x0800018f   Thumb Code     0  libinit2.o(.ARM.Collect$$libinit$$00000025)
    __rt_lib_init_heap_1                     0x0800018f   Thumb Code     0  libinit2.o(.ARM.Collect$$libinit$$0000000C)
    __rt_lib_init_lc_collate_1               0x0800018f   Thumb Code     0  libinit2.o(.ARM.Collect$$libinit$$00000013)
    __rt_lib_init_lc_ctype_1                 0x0800018f   Thumb Code     0  libinit2.o(.ARM.Collect$$libinit$$00000015)
    __rt_lib_init_lc_monetary_1              0x0800018f   Thumb Code     0  libinit2.o(.ARM.Collect$$libinit$$00000017)
    __rt_lib_init_lc_numeric_1               0x0800018f   Thumb Code     0  libinit2.o(.ARM.Collect$$libinit$$00000019)
    __rt_lib_init_lc_time_1                  0x0800018f   Thumb Code     0  libinit2.o(.ARM.Collect$$libinit$$0000001B)
    __rt_lib_init_preinit_1                  0x0800018f   Thumb Code     0  libinit2.o(.ARM.Collect$$libinit$$00000006)
    __rt_lib_init_rand_1                     0x0800018f   Thumb Code     0  libinit2.o(.ARM.Collect$$libinit$$00000010)
    __rt_lib_init_relocate_pie_1             0x0800018f   Thumb Code     0  libinit2.o(.ARM.Collect$$libinit$$00000004)
    __rt_lib_init_return                     0x0800018f   Thumb Code     0  libinit2.o(.ARM.Collect$$libinit$$00000035)
    __rt_lib_init_signal_1                   0x0800018f   Thumb Code     0  libinit2.o(.ARM.Collect$$libinit$$0000001F)
    __rt_lib_init_stdio_1                    0x0800018f   Thumb Code     0  libinit2.o(.ARM.Collect$$libinit$$00000027)
    __rt_lib_init_user_alloc_1               0x0800018f   Thumb Code     0  libinit2.o(.ARM.Collect$$libinit$$0000000E)
    __rt_lib_shutdown                        0x08000191   Thumb Code     0  libshutdown.o(.ARM.Collect$$libshutdown$$00000000)
    __rt_lib_shutdown_cpp_1                  0x08000193   Thumb Code     0  libshutdown2.o(.ARM.Collect$$libshutdown$$00000002)
    __rt_lib_shutdown_fp_trap_1              0x08000193   Thumb Code     0  libshutdown2.o(.ARM.Collect$$libshutdown$$00000007)
    __rt_lib_shutdown_heap_1                 0x08000193   Thumb Code     0  libshutdown2.o(.ARM.Collect$$libshutdown$$0000000F)
    __rt_lib_shutdown_return                 0x08000193   Thumb Code     0  libshutdown2.o(.ARM.Collect$$libshutdown$$00000010)
    __rt_lib_shutdown_signal_1               0x08000193   Thumb Code     0  libshutdown2.o(.ARM.Collect$$libshutdown$$0000000A)
    __rt_lib_shutdown_stdio_1                0x08000193   Thumb Code     0  libshutdown2.o(.ARM.Collect$$libshutdown$$00000004)
    __rt_lib_shutdown_user_alloc_1           0x08000193   Thumb Code     0  libshutdown2.o(.ARM.Collect$$libshutdown$$0000000C)
    __rt_entry                               0x08000195   Thumb Code     0  __rtentry.o(.ARM.Collect$$rtentry$$00000000)
    __rt_entry_presh_1                       0x08000195   Thumb Code     0  __rtentry2.o(.ARM.Collect$$rtentry$$00000002)
    __rt_entry_sh                            0x08000195   Thumb Code     0  __rtentry4.o(.ARM.Collect$$rtentry$$00000004)
    __rt_entry_li                            0x0800019b   Thumb Code     0  __rtentry2.o(.ARM.Collect$$rtentry$$0000000A)
    __rt_entry_postsh_1                      0x0800019b   Thumb Code     0  __rtentry2.o(.ARM.Collect$$rtentry$$00000009)
    __rt_entry_main                          0x0800019f   Thumb Code     0  __rtentry2.o(.ARM.Collect$$rtentry$$0000000D)
    __rt_entry_postli_1                      0x0800019f   Thumb Code     0  __rtentry2.o(.ARM.Collect$$rtentry$$0000000C)
    __rt_exit                                0x080001a7   Thumb Code     0  rtexit.o(.ARM.Collect$$rtexit$$00000000)
    __rt_exit_ls                             0x080001a9   Thumb Code     0  rtexit2.o(.ARM.Collect$$rtexit$$00000003)
    __rt_exit_prels_1                        0x080001a9   Thumb Code     0  rtexit2.o(.ARM.Collect$$rtexit$$00000002)
    __rt_exit_exit                           0x080001ad   Thumb Code     0  rtexit2.o(.ARM.Collect$$rtexit$$00000004)
    Reset_Handler                            0x080001b5   Thumb Code     8  startup_stm32f103xb.o(.text)
    ADC1_2_IRQHandler                        0x080001cf   Thumb Code     0  startup_stm32f103xb.o(.text)
    CAN1_RX1_IRQHandler                      0x080001cf   Thumb Code     0  startup_stm32f103xb.o(.text)
    CAN1_SCE_IRQHandler                      0x080001cf   Thumb Code     0  startup_stm32f103xb.o(.text)
    DMA1_Channel1_IRQHandler                 0x080001cf   Thumb Code     0  startup_stm32f103xb.o(.text)
    DMA1_Channel2_IRQHandler                 0x080001cf   Thumb Code     0  startup_stm32f103xb.o(.text)
    DMA1_Channel3_IRQHandler                 0x080001cf   Thumb Code     0  startup_stm32f103xb.o(.text)
    DMA1_Channel4_IRQHandler                 0x080001cf   Thumb Code     0  startup_stm32f103xb.o(.text)
    DMA1_Channel5_IRQHandler                 0x080001cf   Thumb Code     0  startup_stm32f103xb.o(.text)
    DMA1_Channel6_IRQHandler                 0x080001cf   Thumb Code     0  startup_stm32f103xb.o(.text)
    DMA1_Channel7_IRQHandler                 0x080001cf   Thumb Code     0  startup_stm32f103xb.o(.text)
    EXTI0_IRQHandler                         0x080001cf   Thumb Code     0  startup_stm32f103xb.o(.text)
    EXTI15_10_IRQHandler                     0x080001cf   Thumb Code     0  startup_stm32f103xb.o(.text)
    EXTI1_IRQHandler                         0x080001cf   Thumb Code     0  startup_stm32f103xb.o(.text)
    EXTI2_IRQHandler                         0x080001cf   Thumb Code     0  startup_stm32f103xb.o(.text)
    EXTI3_IRQHandler                         0x080001cf   Thumb Code     0  startup_stm32f103xb.o(.text)
    EXTI4_IRQHandler                         0x080001cf   Thumb Code     0  startup_stm32f103xb.o(.text)
    EXTI9_5_IRQHandler                       0x080001cf   Thumb Code     0  startup_stm32f103xb.o(.text)
    FLASH_IRQHandler                         0x080001cf   Thumb Code     0  startup_stm32f103xb.o(.text)
    I2C1_ER_IRQHandler                       0x080001cf   Thumb Code     0  startup_stm32f103xb.o(.text)
    I2C1_EV_IRQHandler                       0x080001cf   Thumb Code     0  startup_stm32f103xb.o(.text)
    I2C2_ER_IRQHandler                       0x080001cf   Thumb Code     0  startup_stm32f103xb.o(.text)
    I2C2_EV_IRQHandler                       0x080001cf   Thumb Code     0  startup_stm32f103xb.o(.text)
    PVD_IRQHandler                           0x080001cf   Thumb Code     0  startup_stm32f103xb.o(.text)
    RCC_IRQHandler                           0x080001cf   Thumb Code     0  startup_stm32f103xb.o(.text)
    RTC_Alarm_IRQHandler                     0x080001cf   Thumb Code     0  startup_stm32f103xb.o(.text)
    RTC_IRQHandler                           0x080001cf   Thumb Code     0  startup_stm32f103xb.o(.text)
    SPI1_IRQHandler                          0x080001cf   Thumb Code     0  startup_stm32f103xb.o(.text)
    SPI2_IRQHandler                          0x080001cf   Thumb Code     0  startup_stm32f103xb.o(.text)
    TAMPER_IRQHandler                        0x080001cf   Thumb Code     0  startup_stm32f103xb.o(.text)
    TIM4_IRQHandler                          0x080001cf   Thumb Code     0  startup_stm32f103xb.o(.text)
    USART2_IRQHandler                        0x080001cf   Thumb Code     0  startup_stm32f103xb.o(.text)
    USART3_IRQHandler                        0x080001cf   Thumb Code     0  startup_stm32f103xb.o(.text)
    USBWakeUp_IRQHandler                     0x080001cf   Thumb Code     0  startup_stm32f103xb.o(.text)
    USB_HP_CAN1_TX_IRQHandler                0x080001cf   Thumb Code     0  startup_stm32f103xb.o(.text)
    USB_LP_CAN1_RX0_IRQHandler               0x080001cf   Thumb Code     0  startup_stm32f103xb.o(.text)
    WWDG_IRQHandler                          0x080001cf   Thumb Code     0  startup_stm32f103xb.o(.text)
    __user_initial_stackheap                 0x080001d1   Thumb Code     0  startup_stm32f103xb.o(.text)
    __aeabi_memclr4                          0x080001f5   Thumb Code     0  rt_memclr_w.o(.text)
    __aeabi_memclr8                          0x080001f5   Thumb Code     0  rt_memclr_w.o(.text)
    __rt_memclr_w                            0x080001f5   Thumb Code     0  rt_memclr_w.o(.text)
    _memset_w                                0x080001f9   Thumb Code    74  rt_memclr_w.o(.text)
    __use_two_region_memory                  0x08000243   Thumb Code     2  heapauxi.o(.text)
    __rt_heap_escrow$2region                 0x08000245   Thumb Code     2  heapauxi.o(.text)
    __rt_heap_expand$2region                 0x08000247   Thumb Code     2  heapauxi.o(.text)
    __read_errno                             0x08000249   Thumb Code    10  _rserrno.o(.text)
    __set_errno                              0x08000253   Thumb Code    12  _rserrno.o(.text)
    __aeabi_errno_addr                       0x08000261   Thumb Code     8  rt_errno_addr_intlibspace.o(.text)
    __errno$intlibspace                      0x08000261   Thumb Code     0  rt_errno_addr_intlibspace.o(.text)
    __rt_errno_addr$intlibspace              0x08000261   Thumb Code     0  rt_errno_addr_intlibspace.o(.text)
    __user_libspace                          0x08000269   Thumb Code     8  libspace.o(.text)
    __user_perproc_libspace                  0x08000269   Thumb Code     0  libspace.o(.text)
    __user_perthread_libspace                0x08000269   Thumb Code     0  libspace.o(.text)
    __user_setup_stackheap                   0x08000271   Thumb Code    74  sys_stackheap_outer.o(.text)
    exit                                     0x080002bb   Thumb Code    18  exit.o(.text)
    _sys_exit                                0x080002cd   Thumb Code     8  sys_exit.o(.text)
    __I$use$semihosting                      0x080002d9   Thumb Code     0  use_no_semi.o(.text)
    __use_no_semihosting_swi                 0x080002d9   Thumb Code     2  use_no_semi.o(.text)
    __semihosting_library_function           0x080002db   Thumb Code     0  indicate_semi.o(.text)
    BusFault_Handler                         0x080002dd   Thumb Code     2  stm32f1xx_it.o(.text.BusFault_Handler)
    DebugMon_Handler                         0x080002e1   Thumb Code     2  stm32f1xx_it.o(.text.DebugMon_Handler)
    HAL_DMA_Abort                            0x080002e5   Thumb Code    64  stm32f1xx_hal_dma.o(.text.HAL_DMA_Abort)
    HAL_DMA_Abort_IT                         0x08000325   Thumb Code   176  stm32f1xx_hal_dma.o(.text.HAL_DMA_Abort_IT)
    HAL_Delay                                0x080003d5   Thumb Code    40  stm32f1xx_hal.o(.text.HAL_Delay)
    HAL_GPIO_Init                            0x080003fd   Thumb Code   512  stm32f1xx_hal_gpio.o(.text.HAL_GPIO_Init)
    HAL_GPIO_WritePin                        0x080005fd   Thumb Code    10  stm32f1xx_hal_gpio.o(.text.HAL_GPIO_WritePin)
    HAL_GetTick                              0x08000609   Thumb Code    12  stm32f1xx_hal.o(.text.HAL_GetTick)
    HAL_I2C_Init                             0x08000615   Thumb Code   368  stm32f1xx_hal_i2c.o(.text.HAL_I2C_Init)
    HAL_I2C_Master_Receive                   0x08000785   Thumb Code  1584  stm32f1xx_hal_i2c.o(.text.HAL_I2C_Master_Receive)
    HAL_I2C_Master_Transmit                  0x08000db5   Thumb Code   848  stm32f1xx_hal_i2c.o(.text.HAL_I2C_Master_Transmit)
    HAL_I2C_Mem_Read                         0x08001105   Thumb Code  1060  stm32f1xx_hal_i2c.o(.text.HAL_I2C_Mem_Read)
    HAL_I2C_MspInit                          0x08001529   Thumb Code   206  stm32f1xx_hal_msp.o(.text.HAL_I2C_MspInit)
    HAL_IncTick                              0x080015f9   Thumb Code    26  stm32f1xx_hal.o(.text.HAL_IncTick)
    HAL_Init                                 0x08001615   Thumb Code    38  stm32f1xx_hal.o(.text.HAL_Init)
    HAL_InitTick                             0x0800163d   Thumb Code    80  stm32f1xx_hal.o(.text.HAL_InitTick)
    HAL_MspInit                              0x0800168d   Thumb Code    66  stm32f1xx_hal_msp.o(.text.HAL_MspInit)
    HAL_NVIC_EnableIRQ                       0x080016d1   Thumb Code    32  stm32f1xx_hal_cortex.o(.text.HAL_NVIC_EnableIRQ)
    HAL_NVIC_SetPriority                     0x080016f1   Thumb Code    86  stm32f1xx_hal_cortex.o(.text.HAL_NVIC_SetPriority)
    HAL_NVIC_SetPriorityGrouping             0x08001749   Thumb Code    32  stm32f1xx_hal_cortex.o(.text.HAL_NVIC_SetPriorityGrouping)
    HAL_RCC_ClockConfig                      0x08001769   Thumb Code   442  stm32f1xx_hal_rcc.o(.text.HAL_RCC_ClockConfig)
    HAL_RCC_GetPCLK1Freq                     0x08001925   Thumb Code    38  stm32f1xx_hal_rcc.o(.text.HAL_RCC_GetPCLK1Freq)
    HAL_RCC_GetPCLK2Freq                     0x0800194d   Thumb Code    38  stm32f1xx_hal_rcc.o(.text.HAL_RCC_GetPCLK2Freq)
    HAL_RCC_OscConfig                        0x08001975   Thumb Code   832  stm32f1xx_hal_rcc.o(.text.HAL_RCC_OscConfig)
    HAL_SYSTICK_Config                       0x08001cb5   Thumb Code    44  stm32f1xx_hal_cortex.o(.text.HAL_SYSTICK_Config)
    HAL_TIMEx_BreakCallback                  0x08001ce1   Thumb Code     2  stm32f1xx_hal_tim_ex.o(.text.HAL_TIMEx_BreakCallback)
    HAL_TIMEx_CommutCallback                 0x08001ce5   Thumb Code     2  stm32f1xx_hal_tim_ex.o(.text.HAL_TIMEx_CommutCallback)
    HAL_TIMEx_ConfigBreakDeadTime            0x08001ce9   Thumb Code    80  stm32f1xx_hal_tim_ex.o(.text.HAL_TIMEx_ConfigBreakDeadTime)
    HAL_TIMEx_MasterConfigSynchronization    0x08001d39   Thumb Code   122  stm32f1xx_hal_tim_ex.o(.text.HAL_TIMEx_MasterConfigSynchronization)
    HAL_TIM_Base_Init                        0x08001db5   Thumb Code   230  stm32f1xx_hal_tim.o(.text.HAL_TIM_Base_Init)
    HAL_TIM_Base_MspInit                     0x08001e9d   Thumb Code   394  stm32f1xx_hal_msp.o(.text.HAL_TIM_Base_MspInit)
    HAL_TIM_ConfigClockSource                0x08002029   Thumb Code   418  stm32f1xx_hal_tim.o(.text.HAL_TIM_ConfigClockSource)
    HAL_TIM_IC_CaptureCallback               0x080021cd   Thumb Code     2  stm32f1xx_hal_tim.o(.text.HAL_TIM_IC_CaptureCallback)
    HAL_TIM_IC_ConfigChannel                 0x080021d1   Thumb Code   370  stm32f1xx_hal_tim.o(.text.HAL_TIM_IC_ConfigChannel)
    HAL_TIM_IC_Init                          0x08002345   Thumb Code   230  stm32f1xx_hal_tim.o(.text.HAL_TIM_IC_Init)
    HAL_TIM_IC_MspInit                       0x0800242d   Thumb Code     2  stm32f1xx_hal_tim.o(.text.HAL_TIM_IC_MspInit)
    HAL_TIM_IC_Start_IT                      0x08002431   Thumb Code   294  stm32f1xx_hal_tim.o(.text.HAL_TIM_IC_Start_IT)
    HAL_TIM_IRQHandler                       0x08002559   Thumb Code   330  stm32f1xx_hal_tim.o(.text.HAL_TIM_IRQHandler)
    HAL_TIM_MspPostInit                      0x080026a5   Thumb Code    88  stm32f1xx_hal_msp.o(.text.HAL_TIM_MspPostInit)
    HAL_TIM_OC_DelayElapsedCallback          0x080026fd   Thumb Code     2  stm32f1xx_hal_tim.o(.text.HAL_TIM_OC_DelayElapsedCallback)
    HAL_TIM_PWM_ConfigChannel                0x08002701   Thumb Code   510  stm32f1xx_hal_tim.o(.text.HAL_TIM_PWM_ConfigChannel)
    HAL_TIM_PWM_Init                         0x08002901   Thumb Code   230  stm32f1xx_hal_tim.o(.text.HAL_TIM_PWM_Init)
    HAL_TIM_PWM_MspInit                      0x080029e9   Thumb Code     2  stm32f1xx_hal_tim.o(.text.HAL_TIM_PWM_MspInit)
    HAL_TIM_PWM_PulseFinishedCallback        0x080029ed   Thumb Code     2  stm32f1xx_hal_tim.o(.text.HAL_TIM_PWM_PulseFinishedCallback)
    HAL_TIM_PWM_Start                        0x080029f1   Thumb Code   190  stm32f1xx_hal_tim.o(.text.HAL_TIM_PWM_Start)
    HAL_TIM_PeriodElapsedCallback            0x08002ab1   Thumb Code     2  stm32f1xx_hal_tim.o(.text.HAL_TIM_PeriodElapsedCallback)
    HAL_TIM_TriggerCallback                  0x08002ab5   Thumb Code     2  stm32f1xx_hal_tim.o(.text.HAL_TIM_TriggerCallback)
    HAL_UARTEx_RxEventCallback               0x08002ab9   Thumb Code     2  stm32f1xx_hal_uart.o(.text.HAL_UARTEx_RxEventCallback)
    HAL_UART_ErrorCallback                   0x08002abd   Thumb Code     2  stm32f1xx_hal_uart.o(.text.HAL_UART_ErrorCallback)
    HAL_UART_IRQHandler                      0x08002ac1   Thumb Code   770  stm32f1xx_hal_uart.o(.text.HAL_UART_IRQHandler)
    HAL_UART_Init                            0x08002dc5   Thumb Code   224  stm32f1xx_hal_uart.o(.text.HAL_UART_Init)
    HAL_UART_MspInit                         0x08002ea5   Thumb Code   268  stm32f1xx_hal_msp.o(.text.HAL_UART_MspInit)
    HAL_UART_RxCpltCallback                  0x08002fb1   Thumb Code     2  stm32f1xx_hal_uart.o(.text.HAL_UART_RxCpltCallback)
    HAL_UART_TxCpltCallback                  0x08002fb5   Thumb Code     2  stm32f1xx_hal_uart.o(.text.HAL_UART_TxCpltCallback)
    HardFault_Handler                        0x08002fb9   Thumb Code     2  stm32f1xx_it.o(.text.HardFault_Handler)
    MemManage_Handler                        0x08003345   Thumb Code     2  stm32f1xx_it.o(.text.MemManage_Handler)
    NMI_Handler                              0x08003349   Thumb Code     2  stm32f1xx_it.o(.text.NMI_Handler)
    PendSV_Handler                           0x0800334d   Thumb Code     2  stm32f1xx_it.o(.text.PendSV_Handler)
    SVC_Handler                              0x08003351   Thumb Code     2  stm32f1xx_it.o(.text.SVC_Handler)
    SysTick_Handler                          0x08003355   Thumb Code     4  stm32f1xx_it.o(.text.SysTick_Handler)
    SystemInit                               0x08003359   Thumb Code     2  system_stm32f1xx.o(.text.SystemInit)
    TIM1_BRK_IRQHandler                      0x0800335d   Thumb Code    12  stm32f1xx_it.o(.text.TIM1_BRK_IRQHandler)
    TIM1_CC_IRQHandler                       0x08003369   Thumb Code    12  stm32f1xx_it.o(.text.TIM1_CC_IRQHandler)
    TIM1_TRG_COM_IRQHandler                  0x08003375   Thumb Code    12  stm32f1xx_it.o(.text.TIM1_TRG_COM_IRQHandler)
    TIM1_UP_IRQHandler                       0x08003381   Thumb Code    12  stm32f1xx_it.o(.text.TIM1_UP_IRQHandler)
    TIM2_IRQHandler                          0x0800338d   Thumb Code   210  stm32f1xx_it.o(.text.TIM2_IRQHandler)
    TIM3_IRQHandler                          0x08003461   Thumb Code   372  stm32f1xx_it.o(.text.TIM3_IRQHandler)
    USART1_IRQHandler                        0x080036a1   Thumb Code    12  stm32f1xx_it.o(.text.USART1_IRQHandler)
    UsageFault_Handler                       0x080036ad   Thumb Code     2  stm32f1xx_it.o(.text.UsageFault_Handler)
    calculate_pid                            0x080036b1   Thumb Code   798  main.o(.text.calculate_pid)
    calibrate_gyro                           0x080039d1   Thumb Code   426  main.o(.text.calibrate_gyro)
    gyro_setup                               0x08003b7d   Thumb Code   176  main.o(.text.gyro_setup)
    gyro_signalen                            0x08003c2d   Thumb Code   196  main.o(.text.gyro_signalen)
    main                                     0x08003cf1   Thumb Code  4808  main.o(.text.main)
    start_stop_takeoff                       0x08004fb9   Thumb Code   620  main.o(.text.start_stop_takeoff)
    __ARM_fpclassify                         0x08005225   Thumb Code    40  fpclassify.o(i.__ARM_fpclassify)
    __ieee754_rem_pio2                       0x0800524d   Thumb Code   828  rred.o(i.__ieee754_rem_pio2)
    __kernel_cos                             0x080055d5   Thumb Code   230  cos_i.o(i.__kernel_cos)
    __kernel_poly                            0x080056d1   Thumb Code   170  poly.o(i.__kernel_poly)
    __kernel_sin                             0x0800577d   Thumb Code   224  sin_i.o(i.__kernel_sin)
    __mathlib_dbl_infnan                     0x08005869   Thumb Code     6  dunder.o(i.__mathlib_dbl_infnan)
    __mathlib_dbl_invalid                    0x0800586f   Thumb Code    12  dunder.o(i.__mathlib_dbl_invalid)
    __mathlib_dbl_underflow                  0x0800587d   Thumb Code    10  dunder.o(i.__mathlib_dbl_underflow)
    asin                                     0x0800588d   Thumb Code   572  asin.o(i.asin)
    sin                                      0x08005afd   Thumb Code   150  sin.o(i.sin)
    sqrt                                     0x08005b9d   Thumb Code    76  sqrt.o(i.sqrt)
    __aeabi_d2f                              0x08005be9   Thumb Code     0  d2f.o(x$fpl$d2f)
    _d2f                                     0x08005be9   Thumb Code    98  d2f.o(x$fpl$d2f)
    __aeabi_dadd                             0x08005c4d   Thumb Code     0  daddsub_clz.o(x$fpl$dadd)
    _dadd                                    0x08005c4d   Thumb Code   332  daddsub_clz.o(x$fpl$dadd)
    __fpl_dcheck_NaN1                        0x08005d9d   Thumb Code    10  dcheck1.o(x$fpl$dcheck1)
    __fpl_dcmp_Inf                           0x08005dad   Thumb Code    24  dcmpi.o(x$fpl$dcmpinf)
    __aeabi_ddiv                             0x08005dc5   Thumb Code     0  ddiv.o(x$fpl$ddiv)
    _ddiv                                    0x08005dc5   Thumb Code   556  ddiv.o(x$fpl$ddiv)
    __aeabi_cdcmpeq                          0x08006079   Thumb Code     0  deqf.o(x$fpl$deqf)
    _dcmpeq                                  0x08006079   Thumb Code   120  deqf.o(x$fpl$deqf)
    __aeabi_d2iz                             0x080060f1   Thumb Code     0  dfix.o(x$fpl$dfix)
    _dfix                                    0x080060f1   Thumb Code    94  dfix.o(x$fpl$dfix)
    __aeabi_i2d                              0x0800614f   Thumb Code     0  dflt_clz.o(x$fpl$dflt)
    _dflt                                    0x0800614f   Thumb Code    46  dflt_clz.o(x$fpl$dflt)
    __aeabi_ui2d                             0x0800617d   Thumb Code     0  dflt_clz.o(x$fpl$dfltu)
    _dfltu                                   0x0800617d   Thumb Code    38  dflt_clz.o(x$fpl$dfltu)
    __aeabi_cdcmpge                          0x080061a5   Thumb Code     0  dgeqf.o(x$fpl$dgeqf)
    _dcmpge                                  0x080061a5   Thumb Code   120  dgeqf.o(x$fpl$dgeqf)
    __aeabi_cdcmple                          0x0800621d   Thumb Code     0  dleqf.o(x$fpl$dleqf)
    _dcmple                                  0x0800621d   Thumb Code   120  dleqf.o(x$fpl$dleqf)
    __fpl_dcmple_InfNaN                      0x0800627f   Thumb Code     0  dleqf.o(x$fpl$dleqf)
    __aeabi_dmul                             0x08006295   Thumb Code     0  dmul.o(x$fpl$dmul)
    _dmul                                    0x08006295   Thumb Code   332  dmul.o(x$fpl$dmul)
    __fpl_dnaninf                            0x080063e9   Thumb Code   156  dnaninf.o(x$fpl$dnaninf)
    __fpl_dretinf                            0x08006485   Thumb Code    12  dretinf.o(x$fpl$dretinf)
    __aeabi_drsub                            0x08006491   Thumb Code     0  daddsub_clz.o(x$fpl$drsb)
    _drsb                                    0x08006491   Thumb Code    22  daddsub_clz.o(x$fpl$drsb)
    _dsqrt                                   0x080064a9   Thumb Code   456  dsqrt_noumaal.o(x$fpl$dsqrt)
    __aeabi_dsub                             0x08006675   Thumb Code     0  daddsub_clz.o(x$fpl$dsub)
    _dsub                                    0x08006675   Thumb Code   472  daddsub_clz.o(x$fpl$dsub)
    __aeabi_f2d                              0x08006851   Thumb Code     0  f2d.o(x$fpl$f2d)
    _f2d                                     0x08006851   Thumb Code    86  f2d.o(x$fpl$f2d)
    __aeabi_fadd                             0x080068a9   Thumb Code     0  faddsub_clz.o(x$fpl$fadd)
    _fadd                                    0x080068a9   Thumb Code   196  faddsub_clz.o(x$fpl$fadd)
    __aeabi_dcmpeq                           0x0800696d   Thumb Code     0  dcmp.o(x$fpl$fcmp)
    _deq                                     0x0800696d   Thumb Code    14  dcmp.o(x$fpl$fcmp)
    _dneq                                    0x0800697b   Thumb Code    14  dcmp.o(x$fpl$fcmp)
    __aeabi_dcmpgt                           0x08006989   Thumb Code     0  dcmp.o(x$fpl$fcmp)
    _dgr                                     0x08006989   Thumb Code    14  dcmp.o(x$fpl$fcmp)
    __aeabi_dcmpge                           0x08006997   Thumb Code     0  dcmp.o(x$fpl$fcmp)
    _dgeq                                    0x08006997   Thumb Code    14  dcmp.o(x$fpl$fcmp)
    __aeabi_dcmple                           0x080069a5   Thumb Code     0  dcmp.o(x$fpl$fcmp)
    _dleq                                    0x080069a5   Thumb Code    14  dcmp.o(x$fpl$fcmp)
    __aeabi_dcmplt                           0x080069b3   Thumb Code     0  dcmp.o(x$fpl$fcmp)
    _dls                                     0x080069b3   Thumb Code    14  dcmp.o(x$fpl$fcmp)
    __aeabi_fcmpeq                           0x080069c1   Thumb Code     0  fcmp.o(x$fpl$fcmp)
    _feq                                     0x080069c1   Thumb Code    14  fcmp.o(x$fpl$fcmp)
    _fneq                                    0x080069cf   Thumb Code    14  fcmp.o(x$fpl$fcmp)
    __aeabi_fcmpgt                           0x080069dd   Thumb Code     0  fcmp.o(x$fpl$fcmp)
    _fgr                                     0x080069dd   Thumb Code    14  fcmp.o(x$fpl$fcmp)
    __aeabi_fcmpge                           0x080069eb   Thumb Code     0  fcmp.o(x$fpl$fcmp)
    _fgeq                                    0x080069eb   Thumb Code    14  fcmp.o(x$fpl$fcmp)
    __aeabi_fcmple                           0x080069f9   Thumb Code     0  fcmp.o(x$fpl$fcmp)
    _fleq                                    0x080069f9   Thumb Code    14  fcmp.o(x$fpl$fcmp)
    __aeabi_fcmplt                           0x08006a07   Thumb Code     0  fcmp.o(x$fpl$fcmp)
    _fls                                     0x08006a07   Thumb Code    14  fcmp.o(x$fpl$fcmp)
    __fpl_fcmp_Inf                           0x08006a15   Thumb Code    24  fcmpi.o(x$fpl$fcmpinf)
    __aeabi_fdiv                             0x08006a2d   Thumb Code     0  fdiv.o(x$fpl$fdiv)
    _fdiv                                    0x08006a2d   Thumb Code   384  fdiv.o(x$fpl$fdiv)
    __aeabi_cfcmpeq                          0x08006bb1   Thumb Code     0  feqf.o(x$fpl$feqf)
    _fcmpeq                                  0x08006bb1   Thumb Code   104  feqf.o(x$fpl$feqf)
    __aeabi_f2iz                             0x08006c19   Thumb Code     0  ffix.o(x$fpl$ffix)
    _ffix                                    0x08006c19   Thumb Code    54  ffix.o(x$fpl$ffix)
    __aeabi_i2f                              0x08006c51   Thumb Code     0  fflt_clz.o(x$fpl$fflt)
    _fflt                                    0x08006c51   Thumb Code    48  fflt_clz.o(x$fpl$fflt)
    _fcmpge                                  0x08006c81   Thumb Code   104  fgeqf.o(x$fpl$fgeqf)
    __aeabi_cfcmple                          0x08006ce9   Thumb Code     0  fleqf.o(x$fpl$fleqf)
    _fcmple                                  0x08006ce9   Thumb Code   104  fleqf.o(x$fpl$fleqf)
    __fpl_fcmple_InfNaN                      0x08006d3b   Thumb Code     0  fleqf.o(x$fpl$fleqf)
    __aeabi_fmul                             0x08006d51   Thumb Code     0  fmul.o(x$fpl$fmul)
    _fmul                                    0x08006d51   Thumb Code   258  fmul.o(x$fpl$fmul)
    __fpl_fnaninf                            0x08006e53   Thumb Code   140  fnaninf.o(x$fpl$fnaninf)
    __fpl_fretinf                            0x08006edf   Thumb Code    10  fretinf.o(x$fpl$fretinf)
    __aeabi_fsub                             0x08006ee9   Thumb Code     0  faddsub_clz.o(x$fpl$fsub)
    _fsub                                    0x08006ee9   Thumb Code   234  faddsub_clz.o(x$fpl$fsub)
    __fpl_return_NaN                         0x08006fd3   Thumb Code   100  retnan.o(x$fpl$retnan)
    __ARM_scalbn                             0x08007037   Thumb Code    92  scalbn.o(x$fpl$scalbn)
    __fpl_cmpreturn                          0x08007093   Thumb Code    48  trapv.o(x$fpl$trapveneer)
    __I$use$fp                               0x080070c2   Number         0  usenofp.o(x$fpl$usenofp)
    AHBPrescTable                            0x08007240   Data          16  system_stm32f1xx.o(.rodata.AHBPrescTable)
    APBPrescTable                            0x08007250   Data           8  system_stm32f1xx.o(.rodata.APBPrescTable)
    Region$$Table$$Base                      0x0800728c   Number         0  anon$$obj.o(Region$$Table)
    Region$$Table$$Limit                     0x080072ac   Number         0  anon$$obj.o(Region$$Table)
    SystemCoreClock                          0x20000000   Data           4  system_stm32f1xx.o(.data.SystemCoreClock)
    manual_takeoff_throttle                  0x20000004   Data           2  main.o(.data.manual_takeoff_throttle)
    motor_idle_speed                         0x20000006   Data           2  main.o(.data.motor_idle_speed)
    pid_d_gain_pitch                         0x20000008   Data           4  main.o(.data.pid_d_gain_pitch)
    pid_d_gain_roll                          0x2000000c   Data           4  main.o(.data.pid_d_gain_roll)
    pid_d_gain_yaw                           0x20000010   Data           4  main.o(.data.pid_d_gain_yaw)
    pid_i_gain_pitch                         0x20000014   Data           4  main.o(.data.pid_i_gain_pitch)
    pid_i_gain_roll                          0x20000018   Data           4  main.o(.data.pid_i_gain_roll)
    pid_i_gain_yaw                           0x2000001c   Data           4  main.o(.data.pid_i_gain_yaw)
    pid_max_pitch                            0x20000020   Data           4  main.o(.data.pid_max_pitch)
    pid_max_roll                             0x20000024   Data           4  main.o(.data.pid_max_roll)
    pid_max_yaw                              0x20000028   Data           4  main.o(.data.pid_max_yaw)
    pid_p_gain_pitch                         0x2000002c   Data           4  main.o(.data.pid_p_gain_pitch)
    pid_p_gain_roll                          0x20000030   Data           4  main.o(.data.pid_p_gain_roll)
    pid_p_gain_yaw                           0x20000034   Data           4  main.o(.data.pid_p_gain_yaw)
    pitch_neutral                            0x20000038   Data           4  main.o(.data.pitch_neutral)
    roll_neutral                             0x2000003c   Data           4  main.o(.data.roll_neutral)
    uwTickFreq                               0x20000040   Data           1  stm32f1xx_hal.o(.data.uwTickFreq)
    uwTickPrio                               0x20000044   Data           4  stm32f1xx_hal.o(.data.uwTickPrio)
    yaw_neutral                              0x20000048   Data           4  main.o(.data.yaw_neutral)
    __libspace_start                         0x20000050   Data          96  libspace.o(.bss)
    CH1                                      0x200000b0   Data           4  main.o(.bss.CH1)
    __temporary_stack_top$libspace           0x200000b0   Data           0  libspace.o(.bss)
    CH2                                      0x200000b4   Data           4  main.o(.bss.CH2)
    CH3                                      0x200000b8   Data           4  main.o(.bss.CH3)
    CH4                                      0x200000bc   Data           4  main.o(.bss.CH4)
    CH5                                      0x200000c0   Data           4  main.o(.bss.CH5)
    CH6                                      0x200000c4   Data           4  main.o(.bss.CH6)
    acc_total_vector                         0x200000c8   Data           4  main.o(.bss.acc_total_vector)
    acc_total_vector_at_start                0x200000cc   Data           4  main.o(.bss.acc_total_vector_at_start)
    acc_x                                    0x200000d0   Data           4  main.o(.bss.acc_x)
    acc_x_cal                                0x200000d4   Data           4  main.o(.bss.acc_x_cal)
    acc_y                                    0x200000d8   Data           4  main.o(.bss.acc_y)
    acc_y_cal                                0x200000dc   Data           4  main.o(.bss.acc_y_cal)
    acc_z                                    0x200000e0   Data           4  main.o(.bss.acc_z)
    angle_pitch                              0x200000e4   Data           4  main.o(.bss.angle_pitch)
    angle_pitch_acc                          0x200000e8   Data           4  main.o(.bss.angle_pitch_acc)
    angle_roll                               0x200000ec   Data           4  main.o(.bss.angle_roll)
    angle_roll_acc                           0x200000f0   Data           4  main.o(.bss.angle_roll_acc)
    cal_int                                  0x200000f4   Data           4  main.o(.bss.cal_int)
    count_var                                0x200000f8   Data           4  main.o(.bss.count_var)
    current_time                             0x200000fc   Data           4  main.o(.bss.current_time)
    error                                    0x20000100   Data           1  main.o(.bss.error)
    error_counter                            0x20000101   Data           1  main.o(.bss.error_counter)
    error_led                                0x20000102   Data           1  main.o(.bss.error_led)
    error_timer                              0x20000104   Data           4  main.o(.bss.error_timer)
    esc_1                                    0x20000108   Data           4  main.o(.bss.esc_1)
    esc_2                                    0x2000010c   Data           4  main.o(.bss.esc_2)
    esc_3                                    0x20000110   Data           4  main.o(.bss.esc_3)
    esc_4                                    0x20000114   Data           4  main.o(.bss.esc_4)
    first_CH1                                0x20000118   Data           4  stm32f1xx_it.o(.bss.first_CH1)
    first_CH2                                0x2000011c   Data           4  stm32f1xx_it.o(.bss.first_CH2)
    first_CH3                                0x20000120   Data           4  stm32f1xx_it.o(.bss.first_CH3)
    first_CH4                                0x20000124   Data           4  stm32f1xx_it.o(.bss.first_CH4)
    first_CH5                                0x20000128   Data           4  stm32f1xx_it.o(.bss.first_CH5)
    first_CH6                                0x2000012c   Data           4  stm32f1xx_it.o(.bss.first_CH6)
    gyro_pitch                               0x20000130   Data           8  main.o(.bss.gyro_pitch)
    gyro_pitch_cal                           0x20000138   Data           4  main.o(.bss.gyro_pitch_cal)
    gyro_pitch_input                         0x2000013c   Data           4  main.o(.bss.gyro_pitch_input)
    gyro_roll                                0x20000140   Data           8  main.o(.bss.gyro_roll)
    gyro_roll_cal                            0x20000148   Data           4  main.o(.bss.gyro_roll_cal)
    gyro_roll_input                          0x2000014c   Data           4  main.o(.bss.gyro_roll_input)
    gyro_yaw                                 0x20000150   Data           8  main.o(.bss.gyro_yaw)
    gyro_yaw_cal                             0x20000158   Data           4  main.o(.bss.gyro_yaw_cal)
    gyro_yaw_input                           0x2000015c   Data           4  main.o(.bss.gyro_yaw_input)
    hi2c1                                    0x20000160   Data          84  main.o(.bss.hi2c1)
    hi2c2                                    0x200001b4   Data          84  main.o(.bss.hi2c2)
    htim1                                    0x20000208   Data          72  main.o(.bss.htim1)
    htim2                                    0x20000250   Data          72  main.o(.bss.htim2)
    htim3                                    0x20000298   Data          72  main.o(.bss.htim3)
    huart1                                   0x200002e0   Data          72  main.o(.bss.huart1)
    huart2                                   0x20000328   Data          72  main.o(.bss.huart2)
    pid_error_temp_pitch                     0x20000370   Data           4  main.o(.bss.pid_error_temp_pitch)
    pid_error_temp_roll                      0x20000374   Data           4  main.o(.bss.pid_error_temp_roll)
    pid_error_temp_yaw                       0x20000378   Data           4  main.o(.bss.pid_error_temp_yaw)
    pid_i_mem_pitch                          0x2000037c   Data           4  main.o(.bss.pid_i_mem_pitch)
    pid_i_mem_roll                           0x20000380   Data           4  main.o(.bss.pid_i_mem_roll)
    pid_i_mem_yaw                            0x20000384   Data           4  main.o(.bss.pid_i_mem_yaw)
    pid_last_pitch_d_error                   0x20000388   Data           4  main.o(.bss.pid_last_pitch_d_error)
    pid_last_roll_d_error                    0x2000038c   Data           4  main.o(.bss.pid_last_roll_d_error)
    pid_last_yaw_d_error                     0x20000390   Data           4  main.o(.bss.pid_last_yaw_d_error)
    pid_output_pitch                         0x20000394   Data           4  main.o(.bss.pid_output_pitch)
    pid_output_roll                          0x20000398   Data           4  main.o(.bss.pid_output_roll)
    pid_output_yaw                           0x2000039c   Data           4  main.o(.bss.pid_output_yaw)
    pid_pitch_setpoint                       0x200003a0   Data           4  main.o(.bss.pid_pitch_setpoint)
    pid_pitch_setpoint_base                  0x200003a4   Data           4  main.o(.bss.pid_pitch_setpoint_base)
    pid_roll_setpoint                        0x200003a8   Data           4  main.o(.bss.pid_roll_setpoint)
    pid_roll_setpoint_base                   0x200003ac   Data           4  main.o(.bss.pid_roll_setpoint_base)
    pid_yaw_setpoint                         0x200003b0   Data           4  main.o(.bss.pid_yaw_setpoint)
    pitch_level_adjust                       0x200003b4   Data           4  main.o(.bss.pitch_level_adjust)
    roll_level_adjust                        0x200003b8   Data           4  main.o(.bss.roll_level_adjust)
    setpoint_locked                          0x200003bc   Data           1  main.o(.bss.setpoint_locked)
    start                                    0x200003c0   Data           4  main.o(.bss.start)
    takeoff_detected                         0x200003c4   Data           1  main.o(.bss.takeoff_detected)
    takeoff_throttle                         0x200003c6   Data           2  main.o(.bss.takeoff_throttle)
    temperature                              0x200003c8   Data           4  main.o(.bss.temperature)
    throttle                                 0x200003cc   Data           4  main.o(.bss.throttle)
    uwTick                                   0x200003d0   Data           4  stm32f1xx_hal.o(.bss.uwTick)



==============================================================================

Memory Map of the image

  Image Entry point : 0x080000ed

  Load Region LR_IROM1 (Base: 0x08000000, Size: 0x00007300, Max: 0x00010000, ABSOLUTE)

    Execution Region ER_IROM1 (Exec base: 0x08000000, Load base: 0x08000000, Size: 0x000072ac, Max: 0x00010000, ABSOLUTE)

    Exec Addr    Load Addr    Size         Type   Attr      Idx    E Section Name        Object

    0x08000000   0x08000000   0x000000ec   Data   RO            3    RESET               startup_stm32f103xb.o
    0x080000ec   0x080000ec   0x00000008   Code   RO         1170  * !!!main             c_w.l(__main.o)
    0x080000f4   0x080000f4   0x0000005c   Code   RO         1471    !!!scatter          c_w.l(__scatter.o)
    0x08000150   0x08000150   0x0000001a   Code   RO         1475    !!handler_copy      c_w.l(__scatter_copy.o)
    0x0800016a   0x0800016a   0x00000002   PAD
    0x0800016c   0x0800016c   0x00000002   Code   RO         1472    !!handler_null      c_w.l(__scatter.o)
    0x0800016e   0x0800016e   0x00000002   PAD
    0x08000170   0x08000170   0x0000001c   Code   RO         1477    !!handler_zi        c_w.l(__scatter_zi.o)
    0x0800018c   0x0800018c   0x00000002   Code   RO         1332    .ARM.Collect$$libinit$$00000000  c_w.l(libinit.o)
    0x0800018e   0x0800018e   0x00000000   Code   RO         1338    .ARM.Collect$$libinit$$00000002  c_w.l(libinit2.o)
    0x0800018e   0x0800018e   0x00000000   Code   RO         1340    .ARM.Collect$$libinit$$00000004  c_w.l(libinit2.o)
    0x0800018e   0x0800018e   0x00000000   Code   RO         1342    .ARM.Collect$$libinit$$00000006  c_w.l(libinit2.o)
    0x0800018e   0x0800018e   0x00000000   Code   RO         1345    .ARM.Collect$$libinit$$0000000C  c_w.l(libinit2.o)
    0x0800018e   0x0800018e   0x00000000   Code   RO         1347    .ARM.Collect$$libinit$$0000000E  c_w.l(libinit2.o)
    0x0800018e   0x0800018e   0x00000000   Code   RO         1349    .ARM.Collect$$libinit$$00000010  c_w.l(libinit2.o)
    0x0800018e   0x0800018e   0x00000000   Code   RO         1352    .ARM.Collect$$libinit$$00000013  c_w.l(libinit2.o)
    0x0800018e   0x0800018e   0x00000000   Code   RO         1354    .ARM.Collect$$libinit$$00000015  c_w.l(libinit2.o)
    0x0800018e   0x0800018e   0x00000000   Code   RO         1356    .ARM.Collect$$libinit$$00000017  c_w.l(libinit2.o)
    0x0800018e   0x0800018e   0x00000000   Code   RO         1358    .ARM.Collect$$libinit$$00000019  c_w.l(libinit2.o)
    0x0800018e   0x0800018e   0x00000000   Code   RO         1360    .ARM.Collect$$libinit$$0000001B  c_w.l(libinit2.o)
    0x0800018e   0x0800018e   0x00000000   Code   RO         1362    .ARM.Collect$$libinit$$0000001D  c_w.l(libinit2.o)
    0x0800018e   0x0800018e   0x00000000   Code   RO         1364    .ARM.Collect$$libinit$$0000001F  c_w.l(libinit2.o)
    0x0800018e   0x0800018e   0x00000000   Code   RO         1366    .ARM.Collect$$libinit$$00000021  c_w.l(libinit2.o)
    0x0800018e   0x0800018e   0x00000000   Code   RO         1368    .ARM.Collect$$libinit$$00000023  c_w.l(libinit2.o)
    0x0800018e   0x0800018e   0x00000000   Code   RO         1370    .ARM.Collect$$libinit$$00000025  c_w.l(libinit2.o)
    0x0800018e   0x0800018e   0x00000000   Code   RO         1372    .ARM.Collect$$libinit$$00000027  c_w.l(libinit2.o)
    0x0800018e   0x0800018e   0x00000000   Code   RO         1376    .ARM.Collect$$libinit$$0000002E  c_w.l(libinit2.o)
    0x0800018e   0x0800018e   0x00000000   Code   RO         1378    .ARM.Collect$$libinit$$00000030  c_w.l(libinit2.o)
    0x0800018e   0x0800018e   0x00000000   Code   RO         1380    .ARM.Collect$$libinit$$00000032  c_w.l(libinit2.o)
    0x0800018e   0x0800018e   0x00000000   Code   RO         1382    .ARM.Collect$$libinit$$00000034  c_w.l(libinit2.o)
    0x0800018e   0x0800018e   0x00000002   Code   RO         1383    .ARM.Collect$$libinit$$00000035  c_w.l(libinit2.o)
    0x08000190   0x08000190   0x00000002   Code   RO         1407    .ARM.Collect$$libshutdown$$00000000  c_w.l(libshutdown.o)
    0x08000192   0x08000192   0x00000000   Code   RO         1422    .ARM.Collect$$libshutdown$$00000002  c_w.l(libshutdown2.o)
    0x08000192   0x08000192   0x00000000   Code   RO         1424    .ARM.Collect$$libshutdown$$00000004  c_w.l(libshutdown2.o)
    0x08000192   0x08000192   0x00000000   Code   RO         1427    .ARM.Collect$$libshutdown$$00000007  c_w.l(libshutdown2.o)
    0x08000192   0x08000192   0x00000000   Code   RO         1430    .ARM.Collect$$libshutdown$$0000000A  c_w.l(libshutdown2.o)
    0x08000192   0x08000192   0x00000000   Code   RO         1432    .ARM.Collect$$libshutdown$$0000000C  c_w.l(libshutdown2.o)
    0x08000192   0x08000192   0x00000000   Code   RO         1435    .ARM.Collect$$libshutdown$$0000000F  c_w.l(libshutdown2.o)
    0x08000192   0x08000192   0x00000002   Code   RO         1436    .ARM.Collect$$libshutdown$$00000010  c_w.l(libshutdown2.o)
    0x08000194   0x08000194   0x00000000   Code   RO         1237    .ARM.Collect$$rtentry$$00000000  c_w.l(__rtentry.o)
    0x08000194   0x08000194   0x00000000   Code   RO         1295    .ARM.Collect$$rtentry$$00000002  c_w.l(__rtentry2.o)
    0x08000194   0x08000194   0x00000006   Code   RO         1307    .ARM.Collect$$rtentry$$00000004  c_w.l(__rtentry4.o)
    0x0800019a   0x0800019a   0x00000000   Code   RO         1297    .ARM.Collect$$rtentry$$00000009  c_w.l(__rtentry2.o)
    0x0800019a   0x0800019a   0x00000004   Code   RO         1298    .ARM.Collect$$rtentry$$0000000A  c_w.l(__rtentry2.o)
    0x0800019e   0x0800019e   0x00000000   Code   RO         1300    .ARM.Collect$$rtentry$$0000000C  c_w.l(__rtentry2.o)
    0x0800019e   0x0800019e   0x00000008   Code   RO         1301    .ARM.Collect$$rtentry$$0000000D  c_w.l(__rtentry2.o)
    0x080001a6   0x080001a6   0x00000002   Code   RO         1335    .ARM.Collect$$rtexit$$00000000  c_w.l(rtexit.o)
    0x080001a8   0x080001a8   0x00000000   Code   RO         1387    .ARM.Collect$$rtexit$$00000002  c_w.l(rtexit2.o)
    0x080001a8   0x080001a8   0x00000004   Code   RO         1388    .ARM.Collect$$rtexit$$00000003  c_w.l(rtexit2.o)
    0x080001ac   0x080001ac   0x00000006   Code   RO         1389    .ARM.Collect$$rtexit$$00000004  c_w.l(rtexit2.o)
    0x080001b2   0x080001b2   0x00000002   PAD
    0x080001b4   0x080001b4   0x00000040   Code   RO            4    .text               startup_stm32f103xb.o
    0x080001f4   0x080001f4   0x0000004e   Code   RO         1166    .text               c_w.l(rt_memclr_w.o)
    0x08000242   0x08000242   0x00000006   Code   RO         1168    .text               c_w.l(heapauxi.o)
    0x08000248   0x08000248   0x00000016   Code   RO         1238    .text               c_w.l(_rserrno.o)
    0x0800025e   0x0800025e   0x00000002   PAD
    0x08000260   0x08000260   0x00000008   Code   RO         1312    .text               c_w.l(rt_errno_addr_intlibspace.o)
    0x08000268   0x08000268   0x00000008   Code   RO         1320    .text               c_w.l(libspace.o)
    0x08000270   0x08000270   0x0000004a   Code   RO         1323    .text               c_w.l(sys_stackheap_outer.o)
    0x080002ba   0x080002ba   0x00000012   Code   RO         1325    .text               c_w.l(exit.o)
    0x080002cc   0x080002cc   0x0000000c   Code   RO         1397    .text               c_w.l(sys_exit.o)
    0x080002d8   0x080002d8   0x00000002   Code   RO         1412    .text               c_w.l(use_no_semi.o)
    0x080002da   0x080002da   0x00000000   Code   RO         1414    .text               c_w.l(indicate_semi.o)
    0x080002da   0x080002da   0x00000002   PAD
    0x080002dc   0x080002dc   0x00000002   Code   RO          159    .text.BusFault_Handler  stm32f1xx_it.o
    0x080002de   0x080002de   0x00000002   PAD
    0x080002e0   0x080002e0   0x00000002   Code   RO          165    .text.DebugMon_Handler  stm32f1xx_it.o
    0x080002e2   0x080002e2   0x00000002   PAD
    0x080002e4   0x080002e4   0x00000040   Code   RO          522    .text.HAL_DMA_Abort  stm32f1xx_hal_dma.o
    0x08000324   0x08000324   0x000000b0   Code   RO          524    .text.HAL_DMA_Abort_IT  stm32f1xx_hal_dma.o
    0x080003d4   0x080003d4   0x00000028   Code   RO          397    .text.HAL_Delay     stm32f1xx_hal.o
    0x080003fc   0x080003fc   0x00000200   Code   RO          490    .text.HAL_GPIO_Init  stm32f1xx_hal_gpio.o
    0x080005fc   0x080005fc   0x0000000a   Code   RO          496    .text.HAL_GPIO_WritePin  stm32f1xx_hal_gpio.o
    0x08000606   0x08000606   0x00000002   PAD
    0x08000608   0x08000608   0x0000000c   Code   RO          389    .text.HAL_GetTick   stm32f1xx_hal.o
    0x08000614   0x08000614   0x00000170   Code   RO          243    .text.HAL_I2C_Init  stm32f1xx_hal_i2c.o
    0x08000784   0x08000784   0x00000630   Code   RO          257    .text.HAL_I2C_Master_Receive  stm32f1xx_hal_i2c.o
    0x08000db4   0x08000db4   0x00000350   Code   RO          251    .text.HAL_I2C_Master_Transmit  stm32f1xx_hal_i2c.o
    0x08001104   0x08001104   0x00000424   Code   RO          287    .text.HAL_I2C_Mem_Read  stm32f1xx_hal_i2c.o
    0x08001528   0x08001528   0x000000ce   Code   RO          207    .text.HAL_I2C_MspInit  stm32f1xx_hal_msp.o
    0x080015f6   0x080015f6   0x00000002   PAD
    0x080015f8   0x080015f8   0x0000001a   Code   RO          387    .text.HAL_IncTick   stm32f1xx_hal.o
    0x08001612   0x08001612   0x00000002   PAD
    0x08001614   0x08001614   0x00000026   Code   RO          377    .text.HAL_Init      stm32f1xx_hal.o
    0x0800163a   0x0800163a   0x00000002   PAD
    0x0800163c   0x0800163c   0x00000050   Code   RO          379    .text.HAL_InitTick  stm32f1xx_hal.o
    0x0800168c   0x0800168c   0x00000042   Code   RO          205    .text.HAL_MspInit   stm32f1xx_hal_msp.o
    0x080016ce   0x080016ce   0x00000002   PAD
    0x080016d0   0x080016d0   0x00000020   Code   RO          550    .text.HAL_NVIC_EnableIRQ  stm32f1xx_hal_cortex.o
    0x080016f0   0x080016f0   0x00000056   Code   RO          548    .text.HAL_NVIC_SetPriority  stm32f1xx_hal_cortex.o
    0x08001746   0x08001746   0x00000002   PAD
    0x08001748   0x08001748   0x00000020   Code   RO          546    .text.HAL_NVIC_SetPriorityGrouping  stm32f1xx_hal_cortex.o
    0x08001768   0x08001768   0x000001ba   Code   RO          442    .text.HAL_RCC_ClockConfig  stm32f1xx_hal_rcc.o
    0x08001922   0x08001922   0x00000002   PAD
    0x08001924   0x08001924   0x00000026   Code   RO          454    .text.HAL_RCC_GetPCLK1Freq  stm32f1xx_hal_rcc.o
    0x0800194a   0x0800194a   0x00000002   PAD
    0x0800194c   0x0800194c   0x00000026   Code   RO          456    .text.HAL_RCC_GetPCLK2Freq  stm32f1xx_hal_rcc.o
    0x08001972   0x08001972   0x00000002   PAD
    0x08001974   0x08001974   0x00000340   Code   RO          440    .text.HAL_RCC_OscConfig  stm32f1xx_hal_rcc.o
    0x08001cb4   0x08001cb4   0x0000002c   Code   RO          558    .text.HAL_SYSTICK_Config  stm32f1xx_hal_cortex.o
    0x08001ce0   0x08001ce0   0x00000002   Code   RO         1016    .text.HAL_TIMEx_BreakCallback  stm32f1xx_hal_tim_ex.o
    0x08001ce2   0x08001ce2   0x00000002   PAD
    0x08001ce4   0x08001ce4   0x00000002   Code   RO         1012    .text.HAL_TIMEx_CommutCallback  stm32f1xx_hal_tim_ex.o
    0x08001ce6   0x08001ce6   0x00000002   PAD
    0x08001ce8   0x08001ce8   0x00000050   Code   RO         1008    .text.HAL_TIMEx_ConfigBreakDeadTime  stm32f1xx_hal_tim_ex.o
    0x08001d38   0x08001d38   0x0000007a   Code   RO         1006    .text.HAL_TIMEx_MasterConfigSynchronization  stm32f1xx_hal_tim_ex.o
    0x08001db2   0x08001db2   0x00000002   PAD
    0x08001db4   0x08001db4   0x000000e6   Code   RO          711    .text.HAL_TIM_Base_Init  stm32f1xx_hal_tim.o
    0x08001e9a   0x08001e9a   0x00000002   PAD
    0x08001e9c   0x08001e9c   0x0000018a   Code   RO          211    .text.HAL_TIM_Base_MspInit  stm32f1xx_hal_msp.o
    0x08002026   0x08002026   0x00000002   PAD
    0x08002028   0x08002028   0x000001a2   Code   RO          891    .text.HAL_TIM_ConfigClockSource  stm32f1xx_hal_tim.o
    0x080021ca   0x080021ca   0x00000002   PAD
    0x080021cc   0x080021cc   0x00000002   Code   RO          847    .text.HAL_TIM_IC_CaptureCallback  stm32f1xx_hal_tim.o
    0x080021ce   0x080021ce   0x00000002   PAD
    0x080021d0   0x080021d0   0x00000172   Code   RO          861    .text.HAL_TIM_IC_ConfigChannel  stm32f1xx_hal_tim.o
    0x08002342   0x08002342   0x00000002   PAD
    0x08002344   0x08002344   0x000000e6   Code   RO          785    .text.HAL_TIM_IC_Init  stm32f1xx_hal_tim.o
    0x0800242a   0x0800242a   0x00000002   PAD
    0x0800242c   0x0800242c   0x00000002   Code   RO          787    .text.HAL_TIM_IC_MspInit  stm32f1xx_hal_tim.o
    0x0800242e   0x0800242e   0x00000002   PAD
    0x08002430   0x08002430   0x00000126   Code   RO          797    .text.HAL_TIM_IC_Start_IT  stm32f1xx_hal_tim.o
    0x08002556   0x08002556   0x00000002   PAD
    0x08002558   0x08002558   0x0000014a   Code   RO          845    .text.HAL_TIM_IRQHandler  stm32f1xx_hal_tim.o
    0x080026a2   0x080026a2   0x00000002   PAD
    0x080026a4   0x080026a4   0x00000058   Code   RO          213    .text.HAL_TIM_MspPostInit  stm32f1xx_hal_msp.o
    0x080026fc   0x080026fc   0x00000002   Code   RO          849    .text.HAL_TIM_OC_DelayElapsedCallback  stm32f1xx_hal_tim.o
    0x080026fe   0x080026fe   0x00000002   PAD
    0x08002700   0x08002700   0x000001fe   Code   RO          865    .text.HAL_TIM_PWM_ConfigChannel  stm32f1xx_hal_tim.o
    0x080028fe   0x080028fe   0x00000002   PAD
    0x08002900   0x08002900   0x000000e6   Code   RO          765    .text.HAL_TIM_PWM_Init  stm32f1xx_hal_tim.o
    0x080029e6   0x080029e6   0x00000002   PAD
    0x080029e8   0x080029e8   0x00000002   Code   RO          767    .text.HAL_TIM_PWM_MspInit  stm32f1xx_hal_tim.o
    0x080029ea   0x080029ea   0x00000002   PAD
    0x080029ec   0x080029ec   0x00000002   Code   RO          851    .text.HAL_TIM_PWM_PulseFinishedCallback  stm32f1xx_hal_tim.o
    0x080029ee   0x080029ee   0x00000002   PAD
    0x080029f0   0x080029f0   0x000000be   Code   RO          773    .text.HAL_TIM_PWM_Start  stm32f1xx_hal_tim.o
    0x08002aae   0x08002aae   0x00000002   PAD
    0x08002ab0   0x08002ab0   0x00000002   Code   RO          853    .text.HAL_TIM_PeriodElapsedCallback  stm32f1xx_hal_tim.o
    0x08002ab2   0x08002ab2   0x00000002   PAD
    0x08002ab4   0x08002ab4   0x00000002   Code   RO          855    .text.HAL_TIM_TriggerCallback  stm32f1xx_hal_tim.o
    0x08002ab6   0x08002ab6   0x00000002   PAD
    0x08002ab8   0x08002ab8   0x00000002   Code   RO         1114    .text.HAL_UARTEx_RxEventCallback  stm32f1xx_hal_uart.o
    0x08002aba   0x08002aba   0x00000002   PAD
    0x08002abc   0x08002abc   0x00000002   Code   RO         1112    .text.HAL_UART_ErrorCallback  stm32f1xx_hal_uart.o
    0x08002abe   0x08002abe   0x00000002   PAD
    0x08002ac0   0x08002ac0   0x00000302   Code   RO         1106    .text.HAL_UART_IRQHandler  stm32f1xx_hal_uart.o
    0x08002dc2   0x08002dc2   0x00000002   PAD
    0x08002dc4   0x08002dc4   0x000000e0   Code   RO         1030    .text.HAL_UART_Init  stm32f1xx_hal_uart.o
    0x08002ea4   0x08002ea4   0x0000010c   Code   RO          217    .text.HAL_UART_MspInit  stm32f1xx_hal_msp.o
    0x08002fb0   0x08002fb0   0x00000002   Code   RO         1120    .text.HAL_UART_RxCpltCallback  stm32f1xx_hal_uart.o
    0x08002fb2   0x08002fb2   0x00000002   PAD
    0x08002fb4   0x08002fb4   0x00000002   Code   RO         1116    .text.HAL_UART_TxCpltCallback  stm32f1xx_hal_uart.o
    0x08002fb6   0x08002fb6   0x00000002   PAD
    0x08002fb8   0x08002fb8   0x00000002   Code   RO          155    .text.HardFault_Handler  stm32f1xx_it.o
    0x08002fba   0x08002fba   0x00000002   PAD
    0x08002fbc   0x08002fbc   0x0000026e   Code   RO          289    .text.I2C_RequestMemoryRead  stm32f1xx_hal_i2c.o
    0x0800322a   0x0800322a   0x00000002   PAD
    0x0800322c   0x0800322c   0x00000094   Code   RO          253    .text.I2C_WaitOnFlagUntilTimeout  stm32f1xx_hal_i2c.o
    0x080032c0   0x080032c0   0x00000084   Code   RO          367    .text.I2C_WaitOnMasterAddressFlagUntilTimeout  stm32f1xx_hal_i2c.o
    0x08003344   0x08003344   0x00000002   Code   RO          157    .text.MemManage_Handler  stm32f1xx_it.o
    0x08003346   0x08003346   0x00000002   PAD
    0x08003348   0x08003348   0x00000002   Code   RO          153    .text.NMI_Handler   stm32f1xx_it.o
    0x0800334a   0x0800334a   0x00000002   PAD
    0x0800334c   0x0800334c   0x00000002   Code   RO          167    .text.PendSV_Handler  stm32f1xx_it.o
    0x0800334e   0x0800334e   0x00000002   PAD
    0x08003350   0x08003350   0x00000002   Code   RO          163    .text.SVC_Handler   stm32f1xx_it.o
    0x08003352   0x08003352   0x00000002   PAD
    0x08003354   0x08003354   0x00000004   Code   RO          169    .text.SysTick_Handler  stm32f1xx_it.o
    0x08003358   0x08003358   0x00000002   Code   RO         1150    .text.SystemInit    system_stm32f1xx.o
    0x0800335a   0x0800335a   0x00000002   PAD
    0x0800335c   0x0800335c   0x0000000c   Code   RO          171    .text.TIM1_BRK_IRQHandler  stm32f1xx_it.o
    0x08003368   0x08003368   0x0000000c   Code   RO          177    .text.TIM1_CC_IRQHandler  stm32f1xx_it.o
    0x08003374   0x08003374   0x0000000c   Code   RO          175    .text.TIM1_TRG_COM_IRQHandler  stm32f1xx_it.o
    0x08003380   0x08003380   0x0000000c   Code   RO          173    .text.TIM1_UP_IRQHandler  stm32f1xx_it.o
    0x0800338c   0x0800338c   0x000000d2   Code   RO          179    .text.TIM2_IRQHandler  stm32f1xx_it.o
    0x0800345e   0x0800345e   0x00000002   PAD
    0x08003460   0x08003460   0x00000174   Code   RO          181    .text.TIM3_IRQHandler  stm32f1xx_it.o
    0x080035d4   0x080035d4   0x0000000c   Code   RO         1110    .text.UART_DMAAbortOnError  stm32f1xx_hal_uart.o
    0x080035e0   0x080035e0   0x000000be   Code   RO         1108    .text.UART_Receive_IT  stm32f1xx_hal_uart.o
    0x0800369e   0x0800369e   0x00000002   PAD
    0x080036a0   0x080036a0   0x0000000c   Code   RO          183    .text.USART1_IRQHandler  stm32f1xx_it.o
    0x080036ac   0x080036ac   0x00000002   Code   RO          161    .text.UsageFault_Handler  stm32f1xx_it.o
    0x080036ae   0x080036ae   0x00000002   PAD
    0x080036b0   0x080036b0   0x0000031e   Code   RO           33    .text.calculate_pid  main.o
    0x080039ce   0x080039ce   0x00000002   PAD
    0x080039d0   0x080039d0   0x000001aa   Code   RO           25    .text.calibrate_gyro  main.o
    0x08003b7a   0x08003b7a   0x00000002   PAD
    0x08003b7c   0x08003b7c   0x000000b0   Code   RO           23    .text.gyro_setup    main.o
    0x08003c2c   0x08003c2c   0x000000c4   Code   RO           29    .text.gyro_signalen  main.o
    0x08003cf0   0x08003cf0   0x000012c8   Code   RO           19    .text.main          main.o
    0x08004fb8   0x08004fb8   0x0000026c   Code   RO           31    .text.start_stop_takeoff  main.o
    0x08005224   0x08005224   0x00000028   Code   RO         1282    i.__ARM_fpclassify  m_ws.l(fpclassify.o)
    0x0800524c   0x0800524c   0x00000388   Code   RO         1286    i.__ieee754_rem_pio2  m_ws.l(rred.o)
    0x080055d4   0x080055d4   0x000000fc   Code   RO         1265    i.__kernel_cos      m_ws.l(cos_i.o)
    0x080056d0   0x080056d0   0x000000aa   Code   RO         1284    i.__kernel_poly     m_ws.l(poly.o)
    0x0800577a   0x0800577a   0x00000002   PAD
    0x0800577c   0x0800577c   0x000000ec   Code   RO         1291    i.__kernel_sin      m_ws.l(sin_i.o)
    0x08005868   0x08005868   0x00000006   Code   RO         1269    i.__mathlib_dbl_infnan  m_ws.l(dunder.o)
    0x0800586e   0x0800586e   0x0000000c   Code   RO         1271    i.__mathlib_dbl_invalid  m_ws.l(dunder.o)
    0x0800587a   0x0800587a   0x00000002   PAD
    0x0800587c   0x0800587c   0x00000010   Code   RO         1274    i.__mathlib_dbl_underflow  m_ws.l(dunder.o)
    0x0800588c   0x0800588c   0x00000270   Code   RO         1225    i.asin              m_ws.l(asin.o)
    0x08005afc   0x08005afc   0x000000a0   Code   RO         1230    i.sin               m_ws.l(sin.o)
    0x08005b9c   0x08005b9c   0x0000004c   Code   RO         1234    i.sqrt              m_ws.l(sqrt.o)
    0x08005be8   0x08005be8   0x00000062   Code   RO         1172    x$fpl$d2f           fz_ws.l(d2f.o)
    0x08005c4a   0x08005c4a   0x00000002   PAD
    0x08005c4c   0x08005c4c   0x00000150   Code   RO         1174    x$fpl$dadd          fz_ws.l(daddsub_clz.o)
    0x08005d9c   0x08005d9c   0x00000010   Code   RO         1314    x$fpl$dcheck1       fz_ws.l(dcheck1.o)
    0x08005dac   0x08005dac   0x00000018   Code   RO         1316    x$fpl$dcmpinf       fz_ws.l(dcmpi.o)
    0x08005dc4   0x08005dc4   0x000002b4   Code   RO         1183    x$fpl$ddiv          fz_ws.l(ddiv.o)
    0x08006078   0x08006078   0x00000078   Code   RO         1240    x$fpl$deqf          fz_ws.l(deqf.o)
    0x080060f0   0x080060f0   0x0000005e   Code   RO         1186    x$fpl$dfix          fz_ws.l(dfix.o)
    0x0800614e   0x0800614e   0x0000002e   Code   RO         1191    x$fpl$dflt          fz_ws.l(dflt_clz.o)
    0x0800617c   0x0800617c   0x00000026   Code   RO         1190    x$fpl$dfltu         fz_ws.l(dflt_clz.o)
    0x080061a2   0x080061a2   0x00000002   PAD
    0x080061a4   0x080061a4   0x00000078   Code   RO         1242    x$fpl$dgeqf         fz_ws.l(dgeqf.o)
    0x0800621c   0x0800621c   0x00000078   Code   RO         1244    x$fpl$dleqf         fz_ws.l(dleqf.o)
    0x08006294   0x08006294   0x00000154   Code   RO         1196    x$fpl$dmul          fz_ws.l(dmul.o)
    0x080063e8   0x080063e8   0x0000009c   Code   RO         1246    x$fpl$dnaninf       fz_ws.l(dnaninf.o)
    0x08006484   0x08006484   0x0000000c   Code   RO         1248    x$fpl$dretinf       fz_ws.l(dretinf.o)
    0x08006490   0x08006490   0x00000016   Code   RO         1175    x$fpl$drsb          fz_ws.l(daddsub_clz.o)
    0x080064a6   0x080064a6   0x00000002   PAD
    0x080064a8   0x080064a8   0x000001cc   Code   RO         1250    x$fpl$dsqrt         fz_ws.l(dsqrt_noumaal.o)
    0x08006674   0x08006674   0x000001dc   Code   RO         1176    x$fpl$dsub          fz_ws.l(daddsub_clz.o)
    0x08006850   0x08006850   0x00000056   Code   RO         1198    x$fpl$f2d           fz_ws.l(f2d.o)
    0x080068a6   0x080068a6   0x00000002   PAD
    0x080068a8   0x080068a8   0x000000c4   Code   RO         1200    x$fpl$fadd          fz_ws.l(faddsub_clz.o)
    0x0800696c   0x0800696c   0x00000054   Code   RO         1180    x$fpl$fcmp          fz_ws.l(dcmp.o)
    0x080069c0   0x080069c0   0x00000054   Code   RO         1206    x$fpl$fcmp          fz_ws.l(fcmp.o)
    0x08006a14   0x08006a14   0x00000018   Code   RO         1318    x$fpl$fcmpinf       fz_ws.l(fcmpi.o)
    0x08006a2c   0x08006a2c   0x00000184   Code   RO         1209    x$fpl$fdiv          fz_ws.l(fdiv.o)
    0x08006bb0   0x08006bb0   0x00000068   Code   RO         1252    x$fpl$feqf          fz_ws.l(feqf.o)
    0x08006c18   0x08006c18   0x00000036   Code   RO         1212    x$fpl$ffix          fz_ws.l(ffix.o)
    0x08006c4e   0x08006c4e   0x00000002   PAD
    0x08006c50   0x08006c50   0x00000030   Code   RO         1217    x$fpl$fflt          fz_ws.l(fflt_clz.o)
    0x08006c80   0x08006c80   0x00000068   Code   RO         1254    x$fpl$fgeqf         fz_ws.l(fgeqf.o)
    0x08006ce8   0x08006ce8   0x00000068   Code   RO         1256    x$fpl$fleqf         fz_ws.l(fleqf.o)
    0x08006d50   0x08006d50   0x00000102   Code   RO         1222    x$fpl$fmul          fz_ws.l(fmul.o)
    0x08006e52   0x08006e52   0x0000008c   Code   RO         1258    x$fpl$fnaninf       fz_ws.l(fnaninf.o)
    0x08006ede   0x08006ede   0x0000000a   Code   RO         1260    x$fpl$fretinf       fz_ws.l(fretinf.o)
    0x08006ee8   0x08006ee8   0x000000ea   Code   RO         1202    x$fpl$fsub          fz_ws.l(faddsub_clz.o)
    0x08006fd2   0x08006fd2   0x00000064   Code   RO         1333    x$fpl$retnan        fz_ws.l(retnan.o)
    0x08007036   0x08007036   0x0000005c   Code   RO         1262    x$fpl$scalbn        fz_ws.l(scalbn.o)
    0x08007092   0x08007092   0x00000030   Code   RO         1384    x$fpl$trapveneer    fz_ws.l(trapv.o)
    0x080070c2   0x080070c2   0x00000000   Code   RO         1264    x$fpl$usenofp       fz_ws.l(usenofp.o)
    0x080070c2   0x080070c2   0x00000006   PAD
    0x080070c8   0x080070c8   0x00000050   Data   RO         1226    .constdata          m_ws.l(asin.o)
    0x08007118   0x08007118   0x00000030   Data   RO         1266    .constdata          m_ws.l(cos_i.o)
    0x08007148   0x08007148   0x000000cc   Data   RO         1288    .constdata          m_ws.l(rred.o)
    0x08007214   0x08007214   0x00000004   PAD
    0x08007218   0x08007218   0x00000028   Data   RO         1292    .constdata          m_ws.l(sin_i.o)
    0x08007240   0x08007240   0x00000010   Data   RO         1155    .rodata.AHBPrescTable  system_stm32f1xx.o
    0x08007250   0x08007250   0x00000008   Data   RO         1156    .rodata.APBPrescTable  system_stm32f1xx.o
    0x08007258   0x08007258   0x00000002   Data   RO          467    .rodata.HAL_RCC_GetSysClockFreq.aPredivFactorTable  stm32f1xx_hal_rcc.o
    0x0800725a   0x0800725a   0x00000010   Data   RO          466    .rodata.cst16       stm32f1xx_hal_rcc.o
    0x0800726a   0x0800726a   0x00000002   PAD
    0x0800726c   0x0800726c   0x00000020   Data   RO          931    .rodata.cst16       stm32f1xx_hal_tim.o
    0x0800728c   0x0800728c   0x00000020   Data   RO         1470    Region$$Table       anon$$obj.o


    Execution Region RW_IRAM1 (Exec base: 0x20000000, Load base: 0x080072b0, Size: 0x000009d8, Max: 0x00005000, ABSOLUTE)

    Exec Addr    Load Addr    Size         Type   Attr      Idx    E Section Name        Object

    0x20000000   0x080072b0   0x00000004   Data   RW         1154    .data.SystemCoreClock  system_stm32f1xx.o
    0x20000004   0x080072b4   0x00000002   Data   RW           49    .data.manual_takeoff_throttle  main.o
    0x20000006   0x080072b6   0x00000002   Data   RW           50    .data.motor_idle_speed  main.o
    0x20000008   0x080072b8   0x00000004   Data   RW           43    .data.pid_d_gain_pitch  main.o
    0x2000000c   0x080072bc   0x00000004   Data   RW           39    .data.pid_d_gain_roll  main.o
    0x20000010   0x080072c0   0x00000004   Data   RW           47    .data.pid_d_gain_yaw  main.o
    0x20000014   0x080072c4   0x00000004   Data   RW           42    .data.pid_i_gain_pitch  main.o
    0x20000018   0x080072c8   0x00000004   Data   RW           38    .data.pid_i_gain_roll  main.o
    0x2000001c   0x080072cc   0x00000004   Data   RW           46    .data.pid_i_gain_yaw  main.o
    0x20000020   0x080072d0   0x00000004   Data   RW           44    .data.pid_max_pitch  main.o
    0x20000024   0x080072d4   0x00000004   Data   RW           40    .data.pid_max_roll  main.o
    0x20000028   0x080072d8   0x00000004   Data   RW           48    .data.pid_max_yaw   main.o
    0x2000002c   0x080072dc   0x00000004   Data   RW           41    .data.pid_p_gain_pitch  main.o
    0x20000030   0x080072e0   0x00000004   Data   RW           37    .data.pid_p_gain_roll  main.o
    0x20000034   0x080072e4   0x00000004   Data   RW           45    .data.pid_p_gain_yaw  main.o
    0x20000038   0x080072e8   0x00000004   Data   RW           52    .data.pitch_neutral  main.o
    0x2000003c   0x080072ec   0x00000004   Data   RW           51    .data.roll_neutral  main.o
    0x20000040   0x080072f0   0x00000001   Data   RW          428    .data.uwTickFreq    stm32f1xx_hal.o
    0x20000041   0x080072f1   0x00000003   PAD
    0x20000044   0x080072f4   0x00000004   Data   RW          427    .data.uwTickPrio    stm32f1xx_hal.o
    0x20000048   0x080072f8   0x00000004   Data   RW           53    .data.yaw_neutral   main.o
    0x2000004c   0x080072fc   0x00000004   PAD
    0x20000050        -       0x00000060   Zero   RW         1321    .bss                c_w.l(libspace.o)
    0x200000b0        -       0x00000004   Zero   RW           85    .bss.CH1            main.o
    0x200000b4        -       0x00000004   Zero   RW           86    .bss.CH2            main.o
    0x200000b8        -       0x00000004   Zero   RW           60    .bss.CH3            main.o
    0x200000bc        -       0x00000004   Zero   RW           61    .bss.CH4            main.o
    0x200000c0        -       0x00000004   Zero   RW          123    .bss.CH5            main.o
    0x200000c4        -       0x00000004   Zero   RW          124    .bss.CH6            main.o
    0x200000c8        -       0x00000004   Zero   RW           80    .bss.acc_total_vector  main.o
    0x200000cc        -       0x00000004   Zero   RW          109    .bss.acc_total_vector_at_start  main.o
    0x200000d0        -       0x00000004   Zero   RW           71    .bss.acc_x          main.o
    0x200000d4        -       0x00000004   Zero   RW           70    .bss.acc_x_cal      main.o
    0x200000d8        -       0x00000004   Zero   RW           73    .bss.acc_y          main.o
    0x200000dc        -       0x00000004   Zero   RW           72    .bss.acc_y_cal      main.o
    0x200000e0        -       0x00000004   Zero   RW           79    .bss.acc_z          main.o
    0x200000e4        -       0x00000004   Zero   RW           77    .bss.angle_pitch    main.o
    0x200000e8        -       0x00000004   Zero   RW           81    .bss.angle_pitch_acc  main.o
    0x200000ec        -       0x00000004   Zero   RW           78    .bss.angle_roll     main.o
    0x200000f0        -       0x00000004   Zero   RW           82    .bss.angle_roll_acc  main.o
    0x200000f4        -       0x00000004   Zero   RW          108    .bss.cal_int        main.o
    0x200000f8        -       0x00000004   Zero   RW           59    .bss.count_var      main.o
    0x200000fc        -       0x00000004   Zero   RW           63    .bss.current_time   main.o
    0x20000100        -       0x00000001   Zero   RW           62    .bss.error          main.o
    0x20000101        -       0x00000001   Zero   RW          113    .bss.error_counter  main.o
    0x20000102        -       0x00000001   Zero   RW          114    .bss.error_led      main.o
    0x20000103   0x080072fc   0x00000001   PAD
    0x20000104        -       0x00000004   Zero   RW          112    .bss.error_timer    main.o
    0x20000108        -       0x00000004   Zero   RW           56    .bss.esc_1          main.o
    0x2000010c        -       0x00000004   Zero   RW           55    .bss.esc_2          main.o
    0x20000110        -       0x00000004   Zero   RW           58    .bss.esc_3          main.o
    0x20000114        -       0x00000004   Zero   RW           57    .bss.esc_4          main.o
    0x20000118        -       0x00000004   Zero   RW          185    .bss.first_CH1      stm32f1xx_it.o
    0x2000011c        -       0x00000004   Zero   RW          186    .bss.first_CH2      stm32f1xx_it.o
    0x20000120        -       0x00000004   Zero   RW          187    .bss.first_CH3      stm32f1xx_it.o
    0x20000124        -       0x00000004   Zero   RW          188    .bss.first_CH4      stm32f1xx_it.o
    0x20000128        -       0x00000004   Zero   RW          189    .bss.first_CH5      stm32f1xx_it.o
    0x2000012c        -       0x00000004   Zero   RW          190    .bss.first_CH6      stm32f1xx_it.o
    0x20000130        -       0x00000008   Zero   RW           67    .bss.gyro_pitch     main.o
    0x20000138        -       0x00000004   Zero   RW           66    .bss.gyro_pitch_cal  main.o
    0x2000013c        -       0x00000004   Zero   RW           75    .bss.gyro_pitch_input  main.o
    0x20000140        -       0x00000008   Zero   RW           65    .bss.gyro_roll      main.o
    0x20000148        -       0x00000004   Zero   RW           64    .bss.gyro_roll_cal  main.o
    0x2000014c        -       0x00000004   Zero   RW           74    .bss.gyro_roll_input  main.o
    0x20000150        -       0x00000008   Zero   RW           69    .bss.gyro_yaw       main.o
    0x20000158        -       0x00000004   Zero   RW           68    .bss.gyro_yaw_cal   main.o
    0x2000015c        -       0x00000004   Zero   RW           76    .bss.gyro_yaw_input  main.o
    0x20000160        -       0x00000054   Zero   RW          106    .bss.hi2c1          main.o
    0x200001b4        -       0x00000054   Zero   RW          115    .bss.hi2c2          main.o
    0x20000208        -       0x00000048   Zero   RW          116    .bss.htim1          main.o
    0x20000250        -       0x00000048   Zero   RW          117    .bss.htim2          main.o
    0x20000298        -       0x00000048   Zero   RW          118    .bss.htim3          main.o
    0x200002e0        -       0x00000048   Zero   RW          119    .bss.huart1         main.o
    0x20000328        -       0x00000048   Zero   RW          120    .bss.huart2         main.o
    0x20000370        -       0x00000004   Zero   RW          100    .bss.pid_error_temp_pitch  main.o
    0x20000374        -       0x00000004   Zero   RW           97    .bss.pid_error_temp_roll  main.o
    0x20000378        -       0x00000004   Zero   RW          103    .bss.pid_error_temp_yaw  main.o
    0x2000037c        -       0x00000004   Zero   RW          101    .bss.pid_i_mem_pitch  main.o
    0x20000380        -       0x00000004   Zero   RW           98    .bss.pid_i_mem_roll  main.o
    0x20000384        -       0x00000004   Zero   RW          104    .bss.pid_i_mem_yaw  main.o
    0x20000388        -       0x00000004   Zero   RW          102    .bss.pid_last_pitch_d_error  main.o
    0x2000038c        -       0x00000004   Zero   RW           99    .bss.pid_last_roll_d_error  main.o
    0x20000390        -       0x00000004   Zero   RW          105    .bss.pid_last_yaw_d_error  main.o
    0x20000394        -       0x00000004   Zero   RW           94    .bss.pid_output_pitch  main.o
    0x20000398        -       0x00000004   Zero   RW           95    .bss.pid_output_roll  main.o
    0x2000039c        -       0x00000004   Zero   RW           96    .bss.pid_output_yaw  main.o
    0x200003a0        -       0x00000004   Zero   RW           90    .bss.pid_pitch_setpoint  main.o
    0x200003a4        -       0x00000004   Zero   RW           88    .bss.pid_pitch_setpoint_base  main.o
    0x200003a8        -       0x00000004   Zero   RW           89    .bss.pid_roll_setpoint  main.o
    0x200003ac        -       0x00000004   Zero   RW           87    .bss.pid_roll_setpoint_base  main.o
    0x200003b0        -       0x00000004   Zero   RW           91    .bss.pid_yaw_setpoint  main.o
    0x200003b4        -       0x00000004   Zero   RW           83    .bss.pitch_level_adjust  main.o
    0x200003b8        -       0x00000004   Zero   RW           84    .bss.roll_level_adjust  main.o
    0x200003bc        -       0x00000001   Zero   RW           54    .bss.setpoint_locked  main.o
    0x200003bd   0x080072fc   0x00000003   PAD
    0x200003c0        -       0x00000004   Zero   RW           93    .bss.start          main.o
    0x200003c4        -       0x00000001   Zero   RW          111    .bss.takeoff_detected  main.o
    0x200003c5   0x080072fc   0x00000001   PAD
    0x200003c6        -       0x00000002   Zero   RW          110    .bss.takeoff_throttle  main.o
    0x200003c8        -       0x00000004   Zero   RW          107    .bss.temperature    main.o
    0x200003cc        -       0x00000004   Zero   RW           92    .bss.throttle       main.o
    0x200003d0        -       0x00000004   Zero   RW          429    .bss.uwTick         stm32f1xx_hal.o
    0x200003d4   0x080072fc   0x00000004   PAD
    0x200003d8        -       0x00000200   Zero   RW            2    HEAP                startup_stm32f103xb.o
    0x200005d8        -       0x00000400   Zero   RW            1    STACK               startup_stm32f103xb.o


==============================================================================

Image component sizes


      Code (inc. data)   RO Data    RW Data    ZI Data      Debug   Object Name

      7024          0          0         64        771      20333   main.o
        64         26        236          0       1536        796   startup_stm32f103xb.o
       196          0          0          5          4       5745   stm32f1xx_hal.o
       194          0          0          0          0       8440   stm32f1xx_hal_cortex.o
       240          0          0          0          0       7600   stm32f1xx_hal_dma.o
       522         20          0          0          0       4625   stm32f1xx_hal_gpio.o
      4762          0          0          0          0      46509   stm32f1xx_hal_i2c.o
      1022          0          0          0          0      10587   stm32f1xx_hal_msp.o
      1350          0         18          0          0       7582   stm32f1xx_hal_rcc.o
      2816          8         32          0          0      56417   stm32f1xx_hal_tim.o
       206          0          0          0          0      21024   stm32f1xx_hal_tim_ex.o
      1204          0          0          0          0      27501   stm32f1xx_hal_uart.o
       662          0          0          0         24       7378   stm32f1xx_it.o
         2          0         24          4          0       1589   system_stm32f1xx.o

    ----------------------------------------------------------------------
     20360         54        344         76       2348     226126   Object Totals
         0          0         32          0          0          0   (incl. Generated)
        96          0          2          3         13          0   (incl. Padding)

    ----------------------------------------------------------------------

      Code (inc. data)   RO Data    RW Data    ZI Data      Debug   Library Member Name

         8          0          0          0          0         68   __main.o
         0          0          0          0          0          0   __rtentry.o
        12          0          0          0          0          0   __rtentry2.o
         6          0          0          0          0          0   __rtentry4.o
        94          8          0          0          0          0   __scatter.o
        26          0          0          0          0          0   __scatter_copy.o
        28          0          0          0          0          0   __scatter_zi.o
        22          0          0          0          0        100   _rserrno.o
        18          0          0          0          0         80   exit.o
         6          0          0          0          0        152   heapauxi.o
         0          0          0          0          0          0   indicate_semi.o
         2          0          0          0          0          0   libinit.o
         2          0          0          0          0          0   libinit2.o
         2          0          0          0          0          0   libshutdown.o
         2          0          0          0          0          0   libshutdown2.o
         8          4          0          0         96         68   libspace.o
         8          4          0          0          0         68   rt_errno_addr_intlibspace.o
        78          0          0          0          0         80   rt_memclr_w.o
         2          0          0          0          0          0   rtexit.o
        10          0          0          0          0          0   rtexit2.o
        12          4          0          0          0         68   sys_exit.o
        74          0          0          0          0         80   sys_stackheap_outer.o
         2          0          0          0          0         68   use_no_semi.o
        98          4          0          0          0         92   d2f.o
       834         16          0          0          0        372   daddsub_clz.o
        16          4          0          0          0         68   dcheck1.o
        84          0          0          0          0        196   dcmp.o
        24          0          0          0          0         68   dcmpi.o
       692        140          0          0          0        216   ddiv.o
       120          4          0          0          0         92   deqf.o
        94          4          0          0          0         92   dfix.o
        84          0          0          0          0        136   dflt_clz.o
       120          4          0          0          0         92   dgeqf.o
       120          4          0          0          0         92   dleqf.o
       340         12          0          0          0        104   dmul.o
       156          4          0          0          0         92   dnaninf.o
        12          0          0          0          0         68   dretinf.o
       460         56          0          0          0        120   dsqrt_noumaal.o
        86          4          0          0          0         84   f2d.o
       430          8          0          0          0        168   faddsub_clz.o
        84          0          0          0          0        196   fcmp.o
        24          0          0          0          0         68   fcmpi.o
       388         76          0          0          0         96   fdiv.o
       104          4          0          0          0         84   feqf.o
        54          4          0          0          0         84   ffix.o
        48          0          0          0          0         68   fflt_clz.o
       104          4          0          0          0         84   fgeqf.o
       104          4          0          0          0         84   fleqf.o
       258          4          0          0          0         84   fmul.o
       140          4          0          0          0         84   fnaninf.o
        10          0          0          0          0         68   fretinf.o
       100          0          0          0          0         68   retnan.o
        92          0          0          0          0         68   scalbn.o
        48          0          0          0          0         68   trapv.o
         0          0          0          0          0          0   usenofp.o
       624         52         80          0          0        168   asin.o
       252         22         48          0          0        124   cos_i.o
        34          6          0          0          0        204   dunder.o
        40          0          0          0          0         68   fpclassify.o
       170          0          0          0          0         96   poly.o
       904         76        204          0          0        140   rred.o
       160         10          0          0          0        108   sin.o
       236         12         40          0          0        128   sin_i.o
        76          0          0          0          0         84   sqrt.o

    ----------------------------------------------------------------------
      8276        562        376          0         96       5308   Library Totals
        30          0          4          0          0          0   (incl. Padding)

    ----------------------------------------------------------------------

      Code (inc. data)   RO Data    RW Data    ZI Data      Debug   Library Name

       422         20          0          0         96        832   c_w.l
      5328        364          0          0          0       3356   fz_ws.l
      2496        178        372          0          0       1120   m_ws.l

    ----------------------------------------------------------------------
      8276        562        376          0         96       5308   Library Totals

    ----------------------------------------------------------------------

==============================================================================


      Code (inc. data)   RO Data    RW Data    ZI Data      Debug   

     28636        616        720         76       2444     228606   Grand Totals
     28636        616        720         76       2444     228606   ELF Image Totals
     28636        616        720         76          0          0   ROM Totals

==============================================================================

    Total RO  Size (Code + RO Data)                29356 (  28.67kB)
    Total RW  Size (RW Data + ZI Data)              2520 (   2.46kB)
    Total ROM Size (Code + RO Data + RW Data)      29432 (  28.74kB)

==============================================================================

